
AVRASM ver. 2.1.30  C:\cvavr\project\danu1700022001\prak2\Debug\List\prak2-5.asm Wed Dec 04 13:39:12 2019

C:\cvavr\project\danu1700022001\prak2\Debug\List\prak2-5.asm(1086): warning: Register r5 already defined by the .DEF directive
C:\cvavr\project\danu1700022001\prak2\Debug\List\prak2-5.asm(1087): warning: Register r4 already defined by the .DEF directive
C:\cvavr\project\danu1700022001\prak2\Debug\List\prak2-5.asm(1088): warning: Register r7 already defined by the .DEF directive
C:\cvavr\project\danu1700022001\prak2\Debug\List\prak2-5.asm(1089): warning: Register r6 already defined by the .DEF directive
C:\cvavr\project\danu1700022001\prak2\Debug\List\prak2-5.asm(1090): warning: Register r9 already defined by the .DEF directive
                 
                 
                 ;CodeVisionAVR C Compiler V3.12 Advanced
                 ;(C) Copyright 1998-2014 Pavel Haiduc, HP InfoTech s.r.l.
                 ;http://www.hpinfotech.com
                 
                 ;Build configuration    : Debug
                 ;Chip type              : ATmega8535
                 ;Program type           : Application
                 ;Clock frequency        : 4,000000 MHz
                 ;Memory model           : Small
                 ;Optimize for           : Size
                 ;(s)printf features     : int, width
                 ;(s)scanf features      : int, width
                 ;External RAM size      : 0
                 ;Data Stack size        : 128 byte(s)
                 ;Heap size              : 0 byte(s)
                 ;Promote 'char' to 'int': Yes
                 ;'char' is unsigned     : Yes
                 ;8 bit enums            : Yes
                 ;Global 'const' stored in FLASH: Yes
                 ;Enhanced function parameter passing: Yes
                 ;Enhanced core instructions: On
                 ;Automatic register allocation for global variables: On
                 ;Smart register allocation: On
                 
                 	#define _MODEL_SMALL_
                 
                 	#pragma AVRPART ADMIN PART_NAME ATmega8535
                 	#pragma AVRPART MEMORY PROG_FLASH 8192
                 	#pragma AVRPART MEMORY EEPROM 512
                 	#pragma AVRPART MEMORY INT_SRAM SIZE 512
                 	#pragma AVRPART MEMORY INT_SRAM START_ADDR 0x60
                 
                 	.LISTMAC
                 	.EQU UDRE=0x5
                 	.EQU RXC=0x7
                 	.EQU USR=0xB
                 	.EQU UDR=0xC
                 	.EQU SPSR=0xE
                 	.EQU SPDR=0xF
                 	.EQU EERE=0x0
                 	.EQU EEWE=0x1
                 	.EQU EEMWE=0x2
                 	.EQU EECR=0x1C
                 	.EQU EEDR=0x1D
                 	.EQU EEARL=0x1E
                 	.EQU EEARH=0x1F
                 	.EQU WDTCR=0x21
                 	.EQU MCUCR=0x35
                 	.EQU GICR=0x3B
                 	.EQU SPL=0x3D
                 	.EQU SPH=0x3E
                 	.EQU SREG=0x3F
                 
                 	.DEF R0X0=R0
                 	.DEF R0X1=R1
                 	.DEF R0X2=R2
                 	.DEF R0X3=R3
                 	.DEF R0X4=R4
                 	.DEF R0X5=R5
                 	.DEF R0X6=R6
                 	.DEF R0X7=R7
                 	.DEF R0X8=R8
                 	.DEF R0X9=R9
                 	.DEF R0XA=R10
                 	.DEF R0XB=R11
                 	.DEF R0XC=R12
                 	.DEF R0XD=R13
                 	.DEF R0XE=R14
                 	.DEF R0XF=R15
                 	.DEF R0X10=R16
                 	.DEF R0X11=R17
                 	.DEF R0X12=R18
                 	.DEF R0X13=R19
                 	.DEF R0X14=R20
                 	.DEF R0X15=R21
                 	.DEF R0X16=R22
                 	.DEF R0X17=R23
                 	.DEF R0X18=R24
                 	.DEF R0X19=R25
                 	.DEF R0X1A=R26
                 	.DEF R0X1B=R27
                 	.DEF R0X1C=R28
                 	.DEF R0X1D=R29
                 	.DEF R0X1E=R30
                 	.DEF R0X1F=R31
                 
                 	.EQU __SRAM_START=0x0060
                 	.EQU __SRAM_END=0x025F
                 	.EQU __DSTACK_SIZE=0x0080
                 	.EQU __HEAP_SIZE=0x0000
                 	.EQU __CLEAR_SRAM_SIZE=__SRAM_END-__SRAM_START+1
                 
                 	.MACRO __CPD1N
                 	CPI  R30,LOW(@0)
                 	LDI  R26,HIGH(@0)
                 	CPC  R31,R26
                 	LDI  R26,BYTE3(@0)
                 	CPC  R22,R26
                 	LDI  R26,BYTE4(@0)
                 	CPC  R23,R26
                 	.ENDM
                 
                 	.MACRO __CPD2N
                 	CPI  R26,LOW(@0)
                 	LDI  R30,HIGH(@0)
                 	CPC  R27,R30
                 	LDI  R30,BYTE3(@0)
                 	CPC  R24,R30
                 	LDI  R30,BYTE4(@0)
                 	CPC  R25,R30
                 	.ENDM
                 
                 	.MACRO __CPWRR
                 	CP   R@0,R@2
                 	CPC  R@1,R@3
                 	.ENDM
                 
                 	.MACRO __CPWRN
                 	CPI  R@0,LOW(@2)
                 	LDI  R30,HIGH(@2)
                 	CPC  R@1,R30
                 	.ENDM
                 
                 	.MACRO __ADDB1MN
                 	SUBI R30,LOW(-@0-(@1))
                 	.ENDM
                 
                 	.MACRO __ADDB2MN
                 	SUBI R26,LOW(-@0-(@1))
                 	.ENDM
                 
                 	.MACRO __ADDW1MN
                 	SUBI R30,LOW(-@0-(@1))
                 	SBCI R31,HIGH(-@0-(@1))
                 	.ENDM
                 
                 	.MACRO __ADDW2MN
                 	SUBI R26,LOW(-@0-(@1))
                 	SBCI R27,HIGH(-@0-(@1))
                 	.ENDM
                 
                 	.MACRO __ADDW1FN
                 	SUBI R30,LOW(-2*@0-(@1))
                 	SBCI R31,HIGH(-2*@0-(@1))
                 	.ENDM
                 
                 	.MACRO __ADDD1FN
                 	SUBI R30,LOW(-2*@0-(@1))
                 	SBCI R31,HIGH(-2*@0-(@1))
                 	SBCI R22,BYTE3(-2*@0-(@1))
                 	.ENDM
                 
                 	.MACRO __ADDD1N
                 	SUBI R30,LOW(-@0)
                 	SBCI R31,HIGH(-@0)
                 	SBCI R22,BYTE3(-@0)
                 	SBCI R23,BYTE4(-@0)
                 	.ENDM
                 
                 	.MACRO __ADDD2N
                 	SUBI R26,LOW(-@0)
                 	SBCI R27,HIGH(-@0)
                 	SBCI R24,BYTE3(-@0)
                 	SBCI R25,BYTE4(-@0)
                 	.ENDM
                 
                 	.MACRO __SUBD1N
                 	SUBI R30,LOW(@0)
                 	SBCI R31,HIGH(@0)
                 	SBCI R22,BYTE3(@0)
                 	SBCI R23,BYTE4(@0)
                 	.ENDM
                 
                 	.MACRO __SUBD2N
                 	SUBI R26,LOW(@0)
                 	SBCI R27,HIGH(@0)
                 	SBCI R24,BYTE3(@0)
                 	SBCI R25,BYTE4(@0)
                 	.ENDM
                 
                 	.MACRO __ANDBMNN
                 	LDS  R30,@0+(@1)
                 	ANDI R30,LOW(@2)
                 	STS  @0+(@1),R30
                 	.ENDM
                 
                 	.MACRO __ANDWMNN
                 	LDS  R30,@0+(@1)
                 	ANDI R30,LOW(@2)
                 	STS  @0+(@1),R30
                 	LDS  R30,@0+(@1)+1
                 	ANDI R30,HIGH(@2)
                 	STS  @0+(@1)+1,R30
                 	.ENDM
                 
                 	.MACRO __ANDD1N
                 	ANDI R30,LOW(@0)
                 	ANDI R31,HIGH(@0)
                 	ANDI R22,BYTE3(@0)
                 	ANDI R23,BYTE4(@0)
                 	.ENDM
                 
                 	.MACRO __ANDD2N
                 	ANDI R26,LOW(@0)
                 	ANDI R27,HIGH(@0)
                 	ANDI R24,BYTE3(@0)
                 	ANDI R25,BYTE4(@0)
                 	.ENDM
                 
                 	.MACRO __ORBMNN
                 	LDS  R30,@0+(@1)
                 	ORI  R30,LOW(@2)
                 	STS  @0+(@1),R30
                 	.ENDM
                 
                 	.MACRO __ORWMNN
                 	LDS  R30,@0+(@1)
                 	ORI  R30,LOW(@2)
                 	STS  @0+(@1),R30
                 	LDS  R30,@0+(@1)+1
                 	ORI  R30,HIGH(@2)
                 	STS  @0+(@1)+1,R30
                 	.ENDM
                 
                 	.MACRO __ORD1N
                 	ORI  R30,LOW(@0)
                 	ORI  R31,HIGH(@0)
                 	ORI  R22,BYTE3(@0)
                 	ORI  R23,BYTE4(@0)
                 	.ENDM
                 
                 	.MACRO __ORD2N
                 	ORI  R26,LOW(@0)
                 	ORI  R27,HIGH(@0)
                 	ORI  R24,BYTE3(@0)
                 	ORI  R25,BYTE4(@0)
                 	.ENDM
                 
                 	.MACRO __DELAY_USB
                 	LDI  R24,LOW(@0)
                 __DELAY_USB_LOOP:
                 	DEC  R24
                 	BRNE __DELAY_USB_LOOP
                 	.ENDM
                 
                 	.MACRO __DELAY_USW
                 	LDI  R24,LOW(@0)
                 	LDI  R25,HIGH(@0)
                 __DELAY_USW_LOOP:
                 	SBIW R24,1
                 	BRNE __DELAY_USW_LOOP
                 	.ENDM
                 
                 	.MACRO __GETD1S
                 	LDD  R30,Y+@0
                 	LDD  R31,Y+@0+1
                 	LDD  R22,Y+@0+2
                 	LDD  R23,Y+@0+3
                 	.ENDM
                 
                 	.MACRO __GETD2S
                 	LDD  R26,Y+@0
                 	LDD  R27,Y+@0+1
                 	LDD  R24,Y+@0+2
                 	LDD  R25,Y+@0+3
                 	.ENDM
                 
                 	.MACRO __PUTD1S
                 	STD  Y+@0,R30
                 	STD  Y+@0+1,R31
                 	STD  Y+@0+2,R22
                 	STD  Y+@0+3,R23
                 	.ENDM
                 
                 	.MACRO __PUTD2S
                 	STD  Y+@0,R26
                 	STD  Y+@0+1,R27
                 	STD  Y+@0+2,R24
                 	STD  Y+@0+3,R25
                 	.ENDM
                 
                 	.MACRO __PUTDZ2
                 	STD  Z+@0,R26
                 	STD  Z+@0+1,R27
                 	STD  Z+@0+2,R24
                 	STD  Z+@0+3,R25
                 	.ENDM
                 
                 	.MACRO __CLRD1S
                 	STD  Y+@0,R30
                 	STD  Y+@0+1,R30
                 	STD  Y+@0+2,R30
                 	STD  Y+@0+3,R30
                 	.ENDM
                 
                 	.MACRO __POINTB1MN
                 	LDI  R30,LOW(@0+(@1))
                 	.ENDM
                 
                 	.MACRO __POINTW1MN
                 	LDI  R30,LOW(@0+(@1))
                 	LDI  R31,HIGH(@0+(@1))
                 	.ENDM
                 
                 	.MACRO __POINTD1M
                 	LDI  R30,LOW(@0)
                 	LDI  R31,HIGH(@0)
                 	LDI  R22,BYTE3(@0)
                 	LDI  R23,BYTE4(@0)
                 	.ENDM
                 
                 	.MACRO __POINTW1FN
                 	LDI  R30,LOW(2*@0+(@1))
                 	LDI  R31,HIGH(2*@0+(@1))
                 	.ENDM
                 
                 	.MACRO __POINTD1FN
                 	LDI  R30,LOW(2*@0+(@1))
                 	LDI  R31,HIGH(2*@0+(@1))
                 	LDI  R22,BYTE3(2*@0+(@1))
                 	LDI  R23,BYTE4(2*@0+(@1))
                 	.ENDM
                 
                 	.MACRO __POINTB2MN
                 	LDI  R26,LOW(@0+(@1))
                 	.ENDM
                 
                 	.MACRO __POINTW2MN
                 	LDI  R26,LOW(@0+(@1))
                 	LDI  R27,HIGH(@0+(@1))
                 	.ENDM
                 
                 	.MACRO __POINTW2FN
                 	LDI  R26,LOW(2*@0+(@1))
                 	LDI  R27,HIGH(2*@0+(@1))
                 	.ENDM
                 
                 	.MACRO __POINTD2FN
                 	LDI  R26,LOW(2*@0+(@1))
                 	LDI  R27,HIGH(2*@0+(@1))
                 	LDI  R24,BYTE3(2*@0+(@1))
                 	LDI  R25,BYTE4(2*@0+(@1))
                 	.ENDM
                 
                 	.MACRO __POINTBRM
                 	LDI  R@0,LOW(@1)
                 	.ENDM
                 
                 	.MACRO __POINTWRM
                 	LDI  R@0,LOW(@2)
                 	LDI  R@1,HIGH(@2)
                 	.ENDM
                 
                 	.MACRO __POINTBRMN
                 	LDI  R@0,LOW(@1+(@2))
                 	.ENDM
                 
                 	.MACRO __POINTWRMN
                 	LDI  R@0,LOW(@2+(@3))
                 	LDI  R@1,HIGH(@2+(@3))
                 	.ENDM
                 
                 	.MACRO __POINTWRFN
                 	LDI  R@0,LOW(@2*2+(@3))
                 	LDI  R@1,HIGH(@2*2+(@3))
                 	.ENDM
                 
                 	.MACRO __GETD1N
                 	LDI  R30,LOW(@0)
                 	LDI  R31,HIGH(@0)
                 	LDI  R22,BYTE3(@0)
                 	LDI  R23,BYTE4(@0)
                 	.ENDM
                 
                 	.MACRO __GETD2N
                 	LDI  R26,LOW(@0)
                 	LDI  R27,HIGH(@0)
                 	LDI  R24,BYTE3(@0)
                 	LDI  R25,BYTE4(@0)
                 	.ENDM
                 
                 	.MACRO __GETB1MN
                 	LDS  R30,@0+(@1)
                 	.ENDM
                 
                 	.MACRO __GETB1HMN
                 	LDS  R31,@0+(@1)
                 	.ENDM
                 
                 	.MACRO __GETW1MN
                 	LDS  R30,@0+(@1)
                 	LDS  R31,@0+(@1)+1
                 	.ENDM
                 
                 	.MACRO __GETD1MN
                 	LDS  R30,@0+(@1)
                 	LDS  R31,@0+(@1)+1
                 	LDS  R22,@0+(@1)+2
                 	LDS  R23,@0+(@1)+3
                 	.ENDM
                 
                 	.MACRO __GETBRMN
                 	LDS  R@0,@1+(@2)
                 	.ENDM
                 
                 	.MACRO __GETWRMN
                 	LDS  R@0,@2+(@3)
                 	LDS  R@1,@2+(@3)+1
                 	.ENDM
                 
                 	.MACRO __GETWRZ
                 	LDD  R@0,Z+@2
                 	LDD  R@1,Z+@2+1
                 	.ENDM
                 
                 	.MACRO __GETD2Z
                 	LDD  R26,Z+@0
                 	LDD  R27,Z+@0+1
                 	LDD  R24,Z+@0+2
                 	LDD  R25,Z+@0+3
                 	.ENDM
                 
                 	.MACRO __GETB2MN
                 	LDS  R26,@0+(@1)
                 	.ENDM
                 
                 	.MACRO __GETW2MN
                 	LDS  R26,@0+(@1)
                 	LDS  R27,@0+(@1)+1
                 	.ENDM
                 
                 	.MACRO __GETD2MN
                 	LDS  R26,@0+(@1)
                 	LDS  R27,@0+(@1)+1
                 	LDS  R24,@0+(@1)+2
                 	LDS  R25,@0+(@1)+3
                 	.ENDM
                 
                 	.MACRO __PUTB1MN
                 	STS  @0+(@1),R30
                 	.ENDM
                 
                 	.MACRO __PUTW1MN
                 	STS  @0+(@1),R30
                 	STS  @0+(@1)+1,R31
                 	.ENDM
                 
                 	.MACRO __PUTD1MN
                 	STS  @0+(@1),R30
                 	STS  @0+(@1)+1,R31
                 	STS  @0+(@1)+2,R22
                 	STS  @0+(@1)+3,R23
                 	.ENDM
                 
                 	.MACRO __PUTB1EN
                 	LDI  R26,LOW(@0+(@1))
                 	LDI  R27,HIGH(@0+(@1))
                 	RCALL __EEPROMWRB
                 	.ENDM
                 
                 	.MACRO __PUTW1EN
                 	LDI  R26,LOW(@0+(@1))
                 	LDI  R27,HIGH(@0+(@1))
                 	RCALL __EEPROMWRW
                 	.ENDM
                 
                 	.MACRO __PUTD1EN
                 	LDI  R26,LOW(@0+(@1))
                 	LDI  R27,HIGH(@0+(@1))
                 	RCALL __EEPROMWRD
                 	.ENDM
                 
                 	.MACRO __PUTBR0MN
                 	STS  @0+(@1),R0
                 	.ENDM
                 
                 	.MACRO __PUTBMRN
                 	STS  @0+(@1),R@2
                 	.ENDM
                 
                 	.MACRO __PUTWMRN
                 	STS  @0+(@1),R@2
                 	STS  @0+(@1)+1,R@3
                 	.ENDM
                 
                 	.MACRO __PUTBZR
                 	STD  Z+@1,R@0
                 	.ENDM
                 
                 	.MACRO __PUTWZR
                 	STD  Z+@2,R@0
                 	STD  Z+@2+1,R@1
                 	.ENDM
                 
                 	.MACRO __GETW1R
                 	MOV  R30,R@0
                 	MOV  R31,R@1
                 	.ENDM
                 
                 	.MACRO __GETW2R
                 	MOV  R26,R@0
                 	MOV  R27,R@1
                 	.ENDM
                 
                 	.MACRO __GETWRN
                 	LDI  R@0,LOW(@2)
                 	LDI  R@1,HIGH(@2)
                 	.ENDM
                 
                 	.MACRO __PUTW1R
                 	MOV  R@0,R30
                 	MOV  R@1,R31
                 	.ENDM
                 
                 	.MACRO __PUTW2R
                 	MOV  R@0,R26
                 	MOV  R@1,R27
                 	.ENDM
                 
                 	.MACRO __ADDWRN
                 	SUBI R@0,LOW(-@2)
                 	SBCI R@1,HIGH(-@2)
                 	.ENDM
                 
                 	.MACRO __ADDWRR
                 	ADD  R@0,R@2
                 	ADC  R@1,R@3
                 	.ENDM
                 
                 	.MACRO __SUBWRN
                 	SUBI R@0,LOW(@2)
                 	SBCI R@1,HIGH(@2)
                 	.ENDM
                 
                 	.MACRO __SUBWRR
                 	SUB  R@0,R@2
                 	SBC  R@1,R@3
                 	.ENDM
                 
                 	.MACRO __ANDWRN
                 	ANDI R@0,LOW(@2)
                 	ANDI R@1,HIGH(@2)
                 	.ENDM
                 
                 	.MACRO __ANDWRR
                 	AND  R@0,R@2
                 	AND  R@1,R@3
                 	.ENDM
                 
                 	.MACRO __ORWRN
                 	ORI  R@0,LOW(@2)
                 	ORI  R@1,HIGH(@2)
                 	.ENDM
                 
                 	.MACRO __ORWRR
                 	OR   R@0,R@2
                 	OR   R@1,R@3
                 	.ENDM
                 
                 	.MACRO __EORWRR
                 	EOR  R@0,R@2
                 	EOR  R@1,R@3
                 	.ENDM
                 
                 	.MACRO __GETWRS
                 	LDD  R@0,Y+@2
                 	LDD  R@1,Y+@2+1
                 	.ENDM
                 
                 	.MACRO __PUTBSR
                 	STD  Y+@1,R@0
                 	.ENDM
                 
                 	.MACRO __PUTWSR
                 	STD  Y+@2,R@0
                 	STD  Y+@2+1,R@1
                 	.ENDM
                 
                 	.MACRO __MOVEWRR
                 	MOV  R@0,R@2
                 	MOV  R@1,R@3
                 	.ENDM
                 
                 	.MACRO __INWR
                 	IN   R@0,@2
                 	IN   R@1,@2+1
                 	.ENDM
                 
                 	.MACRO __OUTWR
                 	OUT  @2+1,R@1
                 	OUT  @2,R@0
                 	.ENDM
                 
                 	.MACRO __CALL1MN
                 	LDS  R30,@0+(@1)
                 	LDS  R31,@0+(@1)+1
                 	ICALL
                 	.ENDM
                 
                 	.MACRO __CALL1FN
                 	LDI  R30,LOW(2*@0+(@1))
                 	LDI  R31,HIGH(2*@0+(@1))
                 	RCALL __GETW1PF
                 	ICALL
                 	.ENDM
                 
                 	.MACRO __CALL2EN
                 	PUSH R26
                 	PUSH R27
                 	LDI  R26,LOW(@0+(@1))
                 	LDI  R27,HIGH(@0+(@1))
                 	RCALL __EEPROMRDW
                 	POP  R27
                 	POP  R26
                 	ICALL
                 	.ENDM
                 
                 	.MACRO __CALL2EX
                 	SUBI R26,LOW(-@0)
                 	SBCI R27,HIGH(-@0)
                 	RCALL __EEPROMRDD
                 	ICALL
                 	.ENDM
                 
                 	.MACRO __GETW1STACK
                 	IN   R30,SPL
                 	IN   R31,SPH
                 	ADIW R30,@0+1
                 	LD   R0,Z+
                 	LD   R31,Z
                 	MOV  R30,R0
                 	.ENDM
                 
                 	.MACRO __GETD1STACK
                 	IN   R30,SPL
                 	IN   R31,SPH
                 	ADIW R30,@0+1
                 	LD   R0,Z+
                 	LD   R1,Z+
                 	LD   R22,Z
                 	MOVW R30,R0
                 	.ENDM
                 
                 	.MACRO __NBST
                 	BST  R@0,@1
                 	IN   R30,SREG
                 	LDI  R31,0x40
                 	EOR  R30,R31
                 	OUT  SREG,R30
                 	.ENDM
                 
                 
                 	.MACRO __PUTB1SN
                 	LDD  R26,Y+@0
                 	LDD  R27,Y+@0+1
                 	SUBI R26,LOW(-@1)
                 	SBCI R27,HIGH(-@1)
                 	ST   X,R30
                 	.ENDM
                 
                 	.MACRO __PUTW1SN
                 	LDD  R26,Y+@0
                 	LDD  R27,Y+@0+1
                 	SUBI R26,LOW(-@1)
                 	SBCI R27,HIGH(-@1)
                 	ST   X+,R30
                 	ST   X,R31
                 	.ENDM
                 
                 	.MACRO __PUTD1SN
                 	LDD  R26,Y+@0
                 	LDD  R27,Y+@0+1
                 	SUBI R26,LOW(-@1)
                 	SBCI R27,HIGH(-@1)
                 	RCALL __PUTDP1
                 	.ENDM
                 
                 	.MACRO __PUTB1SNS
                 	LDD  R26,Y+@0
                 	LDD  R27,Y+@0+1
                 	ADIW R26,@1
                 	ST   X,R30
                 	.ENDM
                 
                 	.MACRO __PUTW1SNS
                 	LDD  R26,Y+@0
                 	LDD  R27,Y+@0+1
                 	ADIW R26,@1
                 	ST   X+,R30
                 	ST   X,R31
                 	.ENDM
                 
                 	.MACRO __PUTD1SNS
                 	LDD  R26,Y+@0
                 	LDD  R27,Y+@0+1
                 	ADIW R26,@1
                 	RCALL __PUTDP1
                 	.ENDM
                 
                 	.MACRO __PUTB1PMN
                 	LDS  R26,@0
                 	LDS  R27,@0+1
                 	SUBI R26,LOW(-@1)
                 	SBCI R27,HIGH(-@1)
                 	ST   X,R30
                 	.ENDM
                 
                 	.MACRO __PUTW1PMN
                 	LDS  R26,@0
                 	LDS  R27,@0+1
                 	SUBI R26,LOW(-@1)
                 	SBCI R27,HIGH(-@1)
                 	ST   X+,R30
                 	ST   X,R31
                 	.ENDM
                 
                 	.MACRO __PUTD1PMN
                 	LDS  R26,@0
                 	LDS  R27,@0+1
                 	SUBI R26,LOW(-@1)
                 	SBCI R27,HIGH(-@1)
                 	RCALL __PUTDP1
                 	.ENDM
                 
                 	.MACRO __PUTB1PMNS
                 	LDS  R26,@0
                 	LDS  R27,@0+1
                 	ADIW R26,@1
                 	ST   X,R30
                 	.ENDM
                 
                 	.MACRO __PUTW1PMNS
                 	LDS  R26,@0
                 	LDS  R27,@0+1
                 	ADIW R26,@1
                 	ST   X+,R30
                 	ST   X,R31
                 	.ENDM
                 
                 	.MACRO __PUTD1PMNS
                 	LDS  R26,@0
                 	LDS  R27,@0+1
                 	ADIW R26,@1
                 	RCALL __PUTDP1
                 	.ENDM
                 
                 	.MACRO __PUTB1RN
                 	MOVW R26,R@0
                 	SUBI R26,LOW(-@1)
                 	SBCI R27,HIGH(-@1)
                 	ST   X,R30
                 	.ENDM
                 
                 	.MACRO __PUTW1RN
                 	MOVW R26,R@0
                 	SUBI R26,LOW(-@1)
                 	SBCI R27,HIGH(-@1)
                 	ST   X+,R30
                 	ST   X,R31
                 	.ENDM
                 
                 	.MACRO __PUTD1RN
                 	MOVW R26,R@0
                 	SUBI R26,LOW(-@1)
                 	SBCI R27,HIGH(-@1)
                 	RCALL __PUTDP1
                 	.ENDM
                 
                 	.MACRO __PUTB1RNS
                 	MOVW R26,R@0
                 	ADIW R26,@1
                 	ST   X,R30
                 	.ENDM
                 
                 	.MACRO __PUTW1RNS
                 	MOVW R26,R@0
                 	ADIW R26,@1
                 	ST   X+,R30
                 	ST   X,R31
                 	.ENDM
                 
                 	.MACRO __PUTD1RNS
                 	MOVW R26,R@0
                 	ADIW R26,@1
                 	RCALL __PUTDP1
                 	.ENDM
                 
                 	.MACRO __PUTB1RON
                 	MOV  R26,R@0
                 	MOV  R27,R@1
                 	SUBI R26,LOW(-@2)
                 	SBCI R27,HIGH(-@2)
                 	ST   X,R30
                 	.ENDM
                 
                 	.MACRO __PUTW1RON
                 	MOV  R26,R@0
                 	MOV  R27,R@1
                 	SUBI R26,LOW(-@2)
                 	SBCI R27,HIGH(-@2)
                 	ST   X+,R30
                 	ST   X,R31
                 	.ENDM
                 
                 	.MACRO __PUTD1RON
                 	MOV  R26,R@0
                 	MOV  R27,R@1
                 	SUBI R26,LOW(-@2)
                 	SBCI R27,HIGH(-@2)
                 	RCALL __PUTDP1
                 	.ENDM
                 
                 	.MACRO __PUTB1RONS
                 	MOV  R26,R@0
                 	MOV  R27,R@1
                 	ADIW R26,@2
                 	ST   X,R30
                 	.ENDM
                 
                 	.MACRO __PUTW1RONS
                 	MOV  R26,R@0
                 	MOV  R27,R@1
                 	ADIW R26,@2
                 	ST   X+,R30
                 	ST   X,R31
                 	.ENDM
                 
                 	.MACRO __PUTD1RONS
                 	MOV  R26,R@0
                 	MOV  R27,R@1
                 	ADIW R26,@2
                 	RCALL __PUTDP1
                 	.ENDM
                 
                 
                 	.MACRO __GETB1SX
                 	MOVW R30,R28
                 	SUBI R30,LOW(-@0)
                 	SBCI R31,HIGH(-@0)
                 	LD   R30,Z
                 	.ENDM
                 
                 	.MACRO __GETB1HSX
                 	MOVW R30,R28
                 	SUBI R30,LOW(-@0)
                 	SBCI R31,HIGH(-@0)
                 	LD   R31,Z
                 	.ENDM
                 
                 	.MACRO __GETW1SX
                 	MOVW R30,R28
                 	SUBI R30,LOW(-@0)
                 	SBCI R31,HIGH(-@0)
                 	LD   R0,Z+
                 	LD   R31,Z
                 	MOV  R30,R0
                 	.ENDM
                 
                 	.MACRO __GETD1SX
                 	MOVW R30,R28
                 	SUBI R30,LOW(-@0)
                 	SBCI R31,HIGH(-@0)
                 	LD   R0,Z+
                 	LD   R1,Z+
                 	LD   R22,Z+
                 	LD   R23,Z
                 	MOVW R30,R0
                 	.ENDM
                 
                 	.MACRO __GETB2SX
                 	MOVW R26,R28
                 	SUBI R26,LOW(-@0)
                 	SBCI R27,HIGH(-@0)
                 	LD   R26,X
                 	.ENDM
                 
                 	.MACRO __GETW2SX
                 	MOVW R26,R28
                 	SUBI R26,LOW(-@0)
                 	SBCI R27,HIGH(-@0)
                 	LD   R0,X+
                 	LD   R27,X
                 	MOV  R26,R0
                 	.ENDM
                 
                 	.MACRO __GETD2SX
                 	MOVW R26,R28
                 	SUBI R26,LOW(-@0)
                 	SBCI R27,HIGH(-@0)
                 	LD   R0,X+
                 	LD   R1,X+
                 	LD   R24,X+
                 	LD   R25,X
                 	MOVW R26,R0
                 	.ENDM
                 
                 	.MACRO __GETBRSX
                 	MOVW R30,R28
                 	SUBI R30,LOW(-@1)
                 	SBCI R31,HIGH(-@1)
                 	LD   R@0,Z
                 	.ENDM
                 
                 	.MACRO __GETWRSX
                 	MOVW R30,R28
                 	SUBI R30,LOW(-@2)
                 	SBCI R31,HIGH(-@2)
                 	LD   R@0,Z+
                 	LD   R@1,Z
                 	.ENDM
                 
                 	.MACRO __GETBRSX2
                 	MOVW R26,R28
                 	SUBI R26,LOW(-@1)
                 	SBCI R27,HIGH(-@1)
                 	LD   R@0,X
                 	.ENDM
                 
                 	.MACRO __GETWRSX2
                 	MOVW R26,R28
                 	SUBI R26,LOW(-@2)
                 	SBCI R27,HIGH(-@2)
                 	LD   R@0,X+
                 	LD   R@1,X
                 	.ENDM
                 
                 	.MACRO __LSLW8SX
                 	MOVW R30,R28
                 	SUBI R30,LOW(-@0)
                 	SBCI R31,HIGH(-@0)
                 	LD   R31,Z
                 	CLR  R30
                 	.ENDM
                 
                 	.MACRO __PUTB1SX
                 	MOVW R26,R28
                 	SUBI R26,LOW(-@0)
                 	SBCI R27,HIGH(-@0)
                 	ST   X,R30
                 	.ENDM
                 
                 	.MACRO __PUTW1SX
                 	MOVW R26,R28
                 	SUBI R26,LOW(-@0)
                 	SBCI R27,HIGH(-@0)
                 	ST   X+,R30
                 	ST   X,R31
                 	.ENDM
                 
                 	.MACRO __PUTD1SX
                 	MOVW R26,R28
                 	SUBI R26,LOW(-@0)
                 	SBCI R27,HIGH(-@0)
                 	ST   X+,R30
                 	ST   X+,R31
                 	ST   X+,R22
                 	ST   X,R23
                 	.ENDM
                 
                 	.MACRO __CLRW1SX
                 	MOVW R26,R28
                 	SUBI R26,LOW(-@0)
                 	SBCI R27,HIGH(-@0)
                 	ST   X+,R30
                 	ST   X,R30
                 	.ENDM
                 
                 	.MACRO __CLRD1SX
                 	MOVW R26,R28
                 	SUBI R26,LOW(-@0)
                 	SBCI R27,HIGH(-@0)
                 	ST   X+,R30
                 	ST   X+,R30
                 	ST   X+,R30
                 	ST   X,R30
                 	.ENDM
                 
                 	.MACRO __PUTB2SX
                 	MOVW R30,R28
                 	SUBI R30,LOW(-@0)
                 	SBCI R31,HIGH(-@0)
                 	ST   Z,R26
                 	.ENDM
                 
                 	.MACRO __PUTW2SX
                 	MOVW R30,R28
                 	SUBI R30,LOW(-@0)
                 	SBCI R31,HIGH(-@0)
                 	ST   Z+,R26
                 	ST   Z,R27
                 	.ENDM
                 
                 	.MACRO __PUTD2SX
                 	MOVW R30,R28
                 	SUBI R30,LOW(-@0)
                 	SBCI R31,HIGH(-@0)
                 	ST   Z+,R26
                 	ST   Z+,R27
                 	ST   Z+,R24
                 	ST   Z,R25
                 	.ENDM
                 
                 	.MACRO __PUTBSRX
                 	MOVW R30,R28
                 	SUBI R30,LOW(-@1)
                 	SBCI R31,HIGH(-@1)
                 	ST   Z,R@0
                 	.ENDM
                 
                 	.MACRO __PUTWSRX
                 	MOVW R30,R28
                 	SUBI R30,LOW(-@2)
                 	SBCI R31,HIGH(-@2)
                 	ST   Z+,R@0
                 	ST   Z,R@1
                 	.ENDM
                 
                 	.MACRO __PUTB1SNX
                 	MOVW R26,R28
                 	SUBI R26,LOW(-@0)
                 	SBCI R27,HIGH(-@0)
                 	LD   R0,X+
                 	LD   R27,X
                 	MOV  R26,R0
                 	SUBI R26,LOW(-@1)
                 	SBCI R27,HIGH(-@1)
                 	ST   X,R30
                 	.ENDM
                 
                 	.MACRO __PUTW1SNX
                 	MOVW R26,R28
                 	SUBI R26,LOW(-@0)
                 	SBCI R27,HIGH(-@0)
                 	LD   R0,X+
                 	LD   R27,X
                 	MOV  R26,R0
                 	SUBI R26,LOW(-@1)
                 	SBCI R27,HIGH(-@1)
                 	ST   X+,R30
                 	ST   X,R31
                 	.ENDM
                 
                 	.MACRO __PUTD1SNX
                 	MOVW R26,R28
                 	SUBI R26,LOW(-@0)
                 	SBCI R27,HIGH(-@0)
                 	LD   R0,X+
                 	LD   R27,X
                 	MOV  R26,R0
                 	SUBI R26,LOW(-@1)
                 	SBCI R27,HIGH(-@1)
                 	ST   X+,R30
                 	ST   X+,R31
                 	ST   X+,R22
                 	ST   X,R23
                 	.ENDM
                 
                 	.MACRO __MULBRR
                 	MULS R@0,R@1
                 	MOVW R30,R0
                 	.ENDM
                 
                 	.MACRO __MULBRRU
                 	MUL  R@0,R@1
                 	MOVW R30,R0
                 	.ENDM
                 
                 	.MACRO __MULBRR0
                 	MULS R@0,R@1
                 	.ENDM
                 
                 	.MACRO __MULBRRU0
                 	MUL  R@0,R@1
                 	.ENDM
                 
                 	.MACRO __MULBNWRU
                 	LDI  R26,@2
                 	MUL  R26,R@0
                 	MOVW R30,R0
                 	MUL  R26,R@1
                 	ADD  R31,R0
                 	.ENDM
                 
                 ;NAME DEFINITIONS FOR GLOBAL VARIABLES ALLOCATED TO REGISTERS
                 	.DEF _scan=R5
                 	.DEF _scankey=R4
                 	.DEF __lcd_x=R7
                 	.DEF __lcd_y=R6
                 	.DEF __lcd_maxx=R9
                 
                 	.CSEG
                 	.ORG 0x00
                 
                 ;START OF CODE MARKER
                 __START_OF_CODE:
                 
                 ;INTERRUPT VECTORS
000000 c030      	RJMP __RESET
000001 cffe      	RJMP 0x00
000002 cffd      	RJMP 0x00
000003 cffc      	RJMP 0x00
000004 cffb      	RJMP 0x00
000005 cffa      	RJMP 0x00
000006 cff9      	RJMP 0x00
000007 cff8      	RJMP 0x00
000008 cff7      	RJMP 0x00
000009 cff6      	RJMP 0x00
00000a cff5      	RJMP 0x00
00000b cff4      	RJMP 0x00
00000c cff3      	RJMP 0x00
00000d cff2      	RJMP 0x00
00000e cff1      	RJMP 0x00
00000f cff0      	RJMP 0x00
000010 cfef      	RJMP 0x00
000011 cfee      	RJMP 0x00
000012 cfed      	RJMP 0x00
000013 cfec      	RJMP 0x00
000014 cfeb      	RJMP 0x00
                 
                 _tbl10_G101:
000015 2710
000016 03e8
000017 0064
000018 000a      	.DB  0x10,0x27,0xE8,0x3,0x64,0x0,0xA,0x0
000019 0001      	.DB  0x1,0x0
                 _tbl16_G101:
00001a 1000
00001b 0100
00001c 0010
00001d 0001      	.DB  0x0,0x10,0x0,0x1,0x10,0x0,0x1,0x0
                 
                 _0x0:
00001e 6b2a
00001f 7965
000020 6170
000021 2064      	.DB  0x2A,0x6B,0x65,0x79,0x70,0x61,0x64,0x20
000022 6f74
000023 6c20
000024 6463
000025 6b00      	.DB  0x74,0x6F,0x20,0x6C,0x63,0x64,0x0,0x6B
000026 7965
000027 6170
000028 2064
000029 203a      	.DB  0x65,0x79,0x70,0x61,0x64,0x20,0x3A,0x20
00002a 2500
00002b 0063      	.DB  0x0,0x25,0x63,0x0
                 _0x2000003:
00002c c080      	.DB  0x80,0xC0
                 
                 __GLOBAL_INI_TBL:
00002d 0002      	.DW  0x02
00002e 00f0      	.DW  __base_y_G100
00002f 0058      	.DW  _0x2000003*2
                 
                 _0xFFFFFFFF:
000030 0000      	.DW  0
                 
                 #define __GLOBAL_INI_TBL_PRESENT 1
                 
                 __RESET:
000031 94f8      	CLI
000032 27ee      	CLR  R30
000033 bbec      	OUT  EECR,R30
                 
                 ;INTERRUPT VECTORS ARE PLACED
                 ;AT THE START OF FLASH
000034 e0f1      	LDI  R31,1
000035 bffb      	OUT  GICR,R31
000036 bfeb      	OUT  GICR,R30
000037 bfe5      	OUT  MCUCR,R30
                 
                 ;CLEAR R2-R14
000038 e08d      	LDI  R24,(14-2)+1
000039 e0a2      	LDI  R26,2
00003a 27bb      	CLR  R27
                 __CLEAR_REG:
00003b 93ed      	ST   X+,R30
00003c 958a      	DEC  R24
00003d f7e9      	BRNE __CLEAR_REG
                 
                 ;CLEAR SRAM
00003e e080      	LDI  R24,LOW(__CLEAR_SRAM_SIZE)
00003f e092      	LDI  R25,HIGH(__CLEAR_SRAM_SIZE)
000040 e6a0      	LDI  R26,__SRAM_START
                 __CLEAR_SRAM:
000041 93ed      	ST   X+,R30
000042 9701      	SBIW R24,1
000043 f7e9      	BRNE __CLEAR_SRAM
                 
                 ;GLOBAL VARIABLES INITIALIZATION
000044 e5ea      	LDI  R30,LOW(__GLOBAL_INI_TBL*2)
000045 e0f0      	LDI  R31,HIGH(__GLOBAL_INI_TBL*2)
                 __GLOBAL_INI_NEXT:
000046 9185      	LPM  R24,Z+
000047 9195      	LPM  R25,Z+
000048 9700      	SBIW R24,0
000049 f061      	BREQ __GLOBAL_INI_END
00004a 91a5      	LPM  R26,Z+
00004b 91b5      	LPM  R27,Z+
00004c 9005      	LPM  R0,Z+
00004d 9015      	LPM  R1,Z+
00004e 01bf      	MOVW R22,R30
00004f 01f0      	MOVW R30,R0
                 __GLOBAL_INI_LOOP:
000050 9005      	LPM  R0,Z+
000051 920d      	ST   X+,R0
000052 9701      	SBIW R24,1
000053 f7e1      	BRNE __GLOBAL_INI_LOOP
000054 01fb      	MOVW R30,R22
000055 cff0      	RJMP __GLOBAL_INI_NEXT
                 __GLOBAL_INI_END:
                 
                 ;HARDWARE STACK POINTER INITIALIZATION
000056 e5ef      	LDI  R30,LOW(__SRAM_END-__HEAP_SIZE)
000057 bfed      	OUT  SPL,R30
000058 e0e2      	LDI  R30,HIGH(__SRAM_END-__HEAP_SIZE)
000059 bfee      	OUT  SPH,R30
                 
                 ;DATA STACK POINTER INITIALIZATION
00005a eec0      	LDI  R28,LOW(__SRAM_START+__DSTACK_SIZE)
00005b e0d0      	LDI  R29,HIGH(__SRAM_START+__DSTACK_SIZE)
                 
00005c c000      	RJMP _main
                 
                 	.ESEG
                 	.ORG 0
                 
                 	.DSEG
                 	.ORG 0xE0
                 
                 	.CSEG
                 ;/*******************************************************
                 ;This program was created by the
                 ;CodeWizardAVR V3.12 Advanced
                 ;Automatic Program Generator
                 ;© Copyright 1998-2014 Pavel Haiduc, HP InfoTech s.r.l.
                 ;http://www.hpinfotech.com
                 ;
                 ;Project :
                 ;Version :
                 ;Date    : 27/11/2019
                 ;Author  :
                 ;Company :
                 ;Comments:
                 ;
                 ;
                 ;Chip type               : ATmega8535
                 ;Program type            : Application
                 ;AVR Core Clock frequency: 4,000000 MHz
                 ;Memory model            : Small
                 ;External RAM size       : 0
                 ;Data Stack size         : 128
                 ;*******************************************************/
                 ;
                 ;#include <mega8535.h>
                 	#ifndef __SLEEP_DEFINED__
                 	#define __SLEEP_DEFINED__
                 	.EQU __se_bit=0x40
                 	.EQU __sm_mask=0xB0
                 	.EQU __sm_powerdown=0x20
                 	.EQU __sm_powersave=0x30
                 	.EQU __sm_standby=0xA0
                 	.EQU __sm_ext_standby=0xB0
                 	.EQU __sm_adc_noise_red=0x10
                 	.SET power_ctrl_reg=mcucr
                 	#endif
                 ;
                 ;// Alphanumeric LCD functions
                 ;#include <alcd.h>
                 ;
                 ;#include <stdio.h>
                 ;#include <delay.h>
                 ;
                 ;
                 ;// Declare your global variables here
                 ;unsigned char scan, scankey;
                 ;char kata[16];
                 ;
                 ;void scan_key(void);
                 ;
                 ;void main(void)
                 ; 0000 0028 {
                 
                 	.CSEG
                 _main:
                 ; .FSTART _main
                 ; 0000 0029 // Declare your local variables here
                 ; 0000 002A 
                 ; 0000 002B // Input/Output Ports initialization
                 ; 0000 002C // Port A initialization
                 ; 0000 002D // Function: Bit7=In Bit6=In Bit5=In Bit4=In Bit3=In Bit2=In Bit1=In Bit0=In
                 ; 0000 002E DDRA=(0<<DDA7) | (0<<DDA6) | (0<<DDA5) | (0<<DDA4) | (0<<DDA3) | (0<<DDA2) | (0<<DDA1) | (0<<DDA0);
00005d e0e0      	LDI  R30,LOW(0)
00005e bbea      	OUT  0x1A,R30
                 ; 0000 002F // State: Bit7=T Bit6=T Bit5=T Bit4=T Bit3=T Bit2=T Bit1=T Bit0=T
                 ; 0000 0030 PORTA=(0<<PORTA7) | (0<<PORTA6) | (0<<PORTA5) | (0<<PORTA4) | (0<<PORTA3) | (0<<PORTA2) | (0<<PORTA1) | (0<<PORTA0);
00005f bbeb      	OUT  0x1B,R30
                 ; 0000 0031 
                 ; 0000 0032 // Port B initialization
                 ; 0000 0033 // Function: Bit7=In Bit6=In Bit5=In Bit4=In Bit3=In Bit2=In Bit1=In Bit0=In
                 ; 0000 0034 DDRB=(0<<DDB7) | (0<<DDB6) | (0<<DDB5) | (0<<DDB4) | (0<<DDB3) | (0<<DDB2) | (0<<DDB1) | (0<<DDB0);
000060 bbe7      	OUT  0x17,R30
                 ; 0000 0035 // State: Bit7=T Bit6=T Bit5=T Bit4=T Bit3=T Bit2=T Bit1=T Bit0=T
                 ; 0000 0036 PORTB=(0<<PORTB7) | (0<<PORTB6) | (0<<PORTB5) | (0<<PORTB4) | (0<<PORTB3) | (0<<PORTB2) | (0<<PORTB1) | (0<<PORTB0);
000061 bbe8      	OUT  0x18,R30
                 ; 0000 0037 
                 ; 0000 0038 // Port C initialization
                 ; 0000 0039 // Function: Bit7=In Bit6=In Bit5=In Bit4=In Bit3=In Bit2=In Bit1=In Bit0=In
                 ; 0000 003A DDRC=(0<<DDC7) | (0<<DDC6) | (0<<DDC5) | (0<<DDC4) | (0<<DDC3) | (0<<DDC2) | (0<<DDC1) | (0<<DDC0);
000062 bbe4      	OUT  0x14,R30
                 ; 0000 003B // State: Bit7=T Bit6=T Bit5=T Bit4=T Bit3=T Bit2=T Bit1=T Bit0=T
                 ; 0000 003C PORTC=(0<<PORTC7) | (0<<PORTC6) | (0<<PORTC5) | (0<<PORTC4) | (0<<PORTC3) | (0<<PORTC2) | (0<<PORTC1) | (0<<PORTC0);
000063 bbe5      	OUT  0x15,R30
                 ; 0000 003D 
                 ; 0000 003E // Port D initialization
                 ; 0000 003F // Function: Bit7=Out Bit6=Out Bit5=Out Bit4=Out Bit3=In Bit2=In Bit1=In Bit0=In
                 ; 0000 0040 DDRD=(1<<DDD7) | (1<<DDD6) | (1<<DDD5) | (1<<DDD4) | (0<<DDD3) | (0<<DDD2) | (0<<DDD1) | (0<<DDD0);
000064 efe0      	LDI  R30,LOW(240)
000065 bbe1      	OUT  0x11,R30
                 ; 0000 0041 // State: Bit7=0 Bit6=0 Bit5=0 Bit4=0 Bit3=P Bit2=P Bit1=P Bit0=P
                 ; 0000 0042 PORTD=(0<<PORTD7) | (0<<PORTD6) | (0<<PORTD5) | (0<<PORTD4) | (1<<PORTD3) | (1<<PORTD2) | (1<<PORTD1) | (1<<PORTD0);
000066 e0ef      	LDI  R30,LOW(15)
000067 bbe2      	OUT  0x12,R30
                 ; 0000 0043 
                 ; 0000 0044 // Timer/Counter 0 initialization
                 ; 0000 0045 // Clock source: System Clock
                 ; 0000 0046 // Clock value: Timer 0 Stopped
                 ; 0000 0047 // Mode: Normal top=0xFF
                 ; 0000 0048 // OC0 output: Disconnected
                 ; 0000 0049 TCCR0=(0<<WGM00) | (0<<COM01) | (0<<COM00) | (0<<WGM01) | (0<<CS02) | (0<<CS01) | (0<<CS00);
000068 e0e0      	LDI  R30,LOW(0)
000069 bfe3      	OUT  0x33,R30
                 ; 0000 004A TCNT0=0x00;
00006a bfe2      	OUT  0x32,R30
                 ; 0000 004B OCR0=0x00;
00006b bfec      	OUT  0x3C,R30
                 ; 0000 004C 
                 ; 0000 004D // Timer/Counter 1 initialization
                 ; 0000 004E // Clock source: System Clock
                 ; 0000 004F // Clock value: Timer1 Stopped
                 ; 0000 0050 // Mode: Normal top=0xFFFF
                 ; 0000 0051 // OC1A output: Disconnected
                 ; 0000 0052 // OC1B output: Disconnected
                 ; 0000 0053 // Noise Canceler: Off
                 ; 0000 0054 // Input Capture on Falling Edge
                 ; 0000 0055 // Timer1 Overflow Interrupt: Off
                 ; 0000 0056 // Input Capture Interrupt: Off
                 ; 0000 0057 // Compare A Match Interrupt: Off
                 ; 0000 0058 // Compare B Match Interrupt: Off
                 ; 0000 0059 TCCR1A=(0<<COM1A1) | (0<<COM1A0) | (0<<COM1B1) | (0<<COM1B0) | (0<<WGM11) | (0<<WGM10);
00006c bdef      	OUT  0x2F,R30
                 ; 0000 005A TCCR1B=(0<<ICNC1) | (0<<ICES1) | (0<<WGM13) | (0<<WGM12) | (0<<CS12) | (0<<CS11) | (0<<CS10);
00006d bdee      	OUT  0x2E,R30
                 ; 0000 005B TCNT1H=0x00;
00006e bded      	OUT  0x2D,R30
                 ; 0000 005C TCNT1L=0x00;
00006f bdec      	OUT  0x2C,R30
                 ; 0000 005D ICR1H=0x00;
000070 bde7      	OUT  0x27,R30
                 ; 0000 005E ICR1L=0x00;
000071 bde6      	OUT  0x26,R30
                 ; 0000 005F OCR1AH=0x00;
000072 bdeb      	OUT  0x2B,R30
                 ; 0000 0060 OCR1AL=0x00;
000073 bdea      	OUT  0x2A,R30
                 ; 0000 0061 OCR1BH=0x00;
000074 bde9      	OUT  0x29,R30
                 ; 0000 0062 OCR1BL=0x00;
000075 bde8      	OUT  0x28,R30
                 ; 0000 0063 
                 ; 0000 0064 // Timer/Counter 2 initialization
                 ; 0000 0065 // Clock source: System Clock
                 ; 0000 0066 // Clock value: Timer2 Stopped
                 ; 0000 0067 // Mode: Normal top=0xFF
                 ; 0000 0068 // OC2 output: Disconnected
                 ; 0000 0069 ASSR=0<<AS2;
000076 bde2      	OUT  0x22,R30
                 ; 0000 006A TCCR2=(0<<WGM20) | (0<<COM21) | (0<<COM20) | (0<<WGM21) | (0<<CS22) | (0<<CS21) | (0<<CS20);
000077 bde5      	OUT  0x25,R30
                 ; 0000 006B TCNT2=0x00;
000078 bde4      	OUT  0x24,R30
                 ; 0000 006C OCR2=0x00;
000079 bde3      	OUT  0x23,R30
                 ; 0000 006D 
                 ; 0000 006E // Timer(s)/Counter(s) Interrupt(s) initialization
                 ; 0000 006F TIMSK=(0<<OCIE2) | (0<<TOIE2) | (0<<TICIE1) | (0<<OCIE1A) | (0<<OCIE1B) | (0<<TOIE1) | (0<<OCIE0) | (0<<TOIE0);
00007a bfe9      	OUT  0x39,R30
                 ; 0000 0070 
                 ; 0000 0071 // External Interrupt(s) initialization
                 ; 0000 0072 // INT0: Off
                 ; 0000 0073 // INT1: Off
                 ; 0000 0074 // INT2: Off
                 ; 0000 0075 MCUCR=(0<<ISC11) | (0<<ISC10) | (0<<ISC01) | (0<<ISC00);
00007b bfe5      	OUT  0x35,R30
                 ; 0000 0076 MCUCSR=(0<<ISC2);
00007c bfe4      	OUT  0x34,R30
                 ; 0000 0077 
                 ; 0000 0078 // USART initialization
                 ; 0000 0079 // USART disabled
                 ; 0000 007A UCSRB=(0<<RXCIE) | (0<<TXCIE) | (0<<UDRIE) | (0<<RXEN) | (0<<TXEN) | (0<<UCSZ2) | (0<<RXB8) | (0<<TXB8);
00007d b9ea      	OUT  0xA,R30
                 ; 0000 007B 
                 ; 0000 007C // Analog Comparator initialization
                 ; 0000 007D // Analog Comparator: Off
                 ; 0000 007E // The Analog Comparator's positive input is
                 ; 0000 007F // connected to the AIN0 pin
                 ; 0000 0080 // The Analog Comparator's negative input is
                 ; 0000 0081 // connected to the AIN1 pin
                 ; 0000 0082 ACSR=(1<<ACD) | (0<<ACBG) | (0<<ACO) | (0<<ACI) | (0<<ACIE) | (0<<ACIC) | (0<<ACIS1) | (0<<ACIS0);
00007e e8e0      	LDI  R30,LOW(128)
00007f b9e8      	OUT  0x8,R30
                 ; 0000 0083 SFIOR=(0<<ACME);
000080 e0e0      	LDI  R30,LOW(0)
000081 bfe0      	OUT  0x30,R30
                 ; 0000 0084 
                 ; 0000 0085 // ADC initialization
                 ; 0000 0086 // ADC disabled
                 ; 0000 0087 ADCSRA=(0<<ADEN) | (0<<ADSC) | (0<<ADATE) | (0<<ADIF) | (0<<ADIE) | (0<<ADPS2) | (0<<ADPS1) | (0<<ADPS0);
000082 b9e6      	OUT  0x6,R30
                 ; 0000 0088 
                 ; 0000 0089 // SPI initialization
                 ; 0000 008A // SPI disabled
                 ; 0000 008B SPCR=(0<<SPIE) | (0<<SPE) | (0<<DORD) | (0<<MSTR) | (0<<CPOL) | (0<<CPHA) | (0<<SPR1) | (0<<SPR0);
000083 b9ed      	OUT  0xD,R30
                 ; 0000 008C 
                 ; 0000 008D // TWI initialization
                 ; 0000 008E // TWI disabled
                 ; 0000 008F TWCR=(0<<TWEA) | (0<<TWSTA) | (0<<TWSTO) | (0<<TWEN) | (0<<TWIE);
000084 bfe6      	OUT  0x36,R30
                 ; 0000 0090 
                 ; 0000 0091 // Alphanumeric LCD initialization
                 ; 0000 0092 // Connections are specified in the
                 ; 0000 0093 // Project|Configure|C Compiler|Libraries|Alphanumeric LCD menu:
                 ; 0000 0094 // RS - PORTB Bit 0
                 ; 0000 0095 // RD - PORTB Bit 1
                 ; 0000 0096 // EN - PORTB Bit 2
                 ; 0000 0097 // D4 - PORTB Bit 4
                 ; 0000 0098 // D5 - PORTB Bit 5
                 ; 0000 0099 // D6 - PORTB Bit 6
                 ; 0000 009A // D7 - PORTB Bit 7
                 ; 0000 009B // Characters/line: 16
                 ; 0000 009C lcd_init(16);
000085 e1a0      	LDI  R26,LOW(16)
000086 d0dc      	RCALL _lcd_init
                 ; 0000 009D 
                 ; 0000 009E while (1)
                 _0x3:
                 ; 0000 009F       {
                 ; 0000 00A0       // Place your code here
                 ; 0000 00A1      lcd_gotoxy(0,0);
000087 e0e0      	LDI  R30,LOW(0)
000088 93ea      	ST   -Y,R30
000089 e0a0      	LDI  R26,LOW(0)
00008a d087      	RCALL _lcd_gotoxy
                 ; 0000 00A2      lcd_putsf("*keypad to lcd");
                +
00008b e3ac     +LDI R26 , LOW ( 2 * _0x0 + ( 0 ) )
00008c e0b0     +LDI R27 , HIGH ( 2 * _0x0 + ( 0 ) )
                 	__POINTW2FN _0x0,0
00008d d0c3      	RCALL _lcd_putsf
                 ; 0000 00A3      lcd_gotoxy(0,1);
00008e e0e0      	LDI  R30,LOW(0)
00008f 93ea      	ST   -Y,R30
000090 e0a1      	LDI  R26,LOW(1)
000091 d080      	RCALL _lcd_gotoxy
                 ; 0000 00A4      lcd_putsf("keypad : ");
                +
000092 e4ab     +LDI R26 , LOW ( 2 * _0x0 + ( 15 ) )
000093 e0b0     +LDI R27 , HIGH ( 2 * _0x0 + ( 15 ) )
                 	__POINTW2FN _0x0,15
000094 d0bc      	RCALL _lcd_putsf
                 ; 0000 00A5      scan_key();
000095 d019      	RCALL _scan_key
                 ; 0000 00A6      lcd_gotoxy(10,1);
000096 e0ea      	LDI  R30,LOW(10)
000097 93ea      	ST   -Y,R30
000098 e0a1      	LDI  R26,LOW(1)
000099 d078      	RCALL _lcd_gotoxy
                 ; 0000 00A7 
                 ; 0000 00A8 
                 ; 0000 00A9      sprintf(kata, "%c" ,scankey);
00009a eee0      	LDI  R30,LOW(_kata)
00009b e0f0      	LDI  R31,HIGH(_kata)
00009c d275      	RCALL SUBOPT_0x0
                +
00009d e5e5     +LDI R30 , LOW ( 2 * _0x0 + ( 25 ) )
00009e e0f0     +LDI R31 , HIGH ( 2 * _0x0 + ( 25 ) )
                 	__POINTW1FN _0x0,25
00009f d272      	RCALL SUBOPT_0x0
0000a0 2de4      	MOV  R30,R4
0000a1 27ff      	CLR  R31
0000a2 2766      	CLR  R22
0000a3 2777      	CLR  R23
0000a4 d2e3      	RCALL __PUTPARD1
0000a5 e084      	LDI  R24,4
0000a6 d22a      	RCALL _sprintf
0000a7 9628      	ADIW R28,8
                 ; 0000 00AA 
                 ; 0000 00AB      lcd_puts(kata);
0000a8 eea0      	LDI  R26,LOW(_kata)
0000a9 e0b0      	LDI  R27,HIGH(_kata)
0000aa d097      	RCALL _lcd_puts
                 ; 0000 00AC      delay_ms(5);
0000ab e0a5      	LDI  R26,LOW(5)
0000ac d268      	RCALL SUBOPT_0x1
                 ; 0000 00AD 
                 ; 0000 00AE       }
0000ad cfd9      	RJMP _0x3
                 ; 0000 00AF }
                 _0x6:
0000ae cfff      	RJMP _0x6
                 ; .FEND
                 ;
                 ;void scan_key(void){
                 ; 0000 00B1 void scan_key(void){
                 _scan_key:
                 ; .FSTART _scan_key
                 ; 0000 00B2     PORTD.4 = 0;
0000af 9894      	CBI  0x12,4
                 ; 0000 00B3     scan = (~PIND & 0x0F);
0000b0 d266      	RCALL SUBOPT_0x2
                 ; 0000 00B4     switch(scan){
                 ; 0000 00B5         case 1:
0000b1 f411      	BRNE _0xC
                 ; 0000 00B6             scankey = '1';
0000b2 e3e1      	LDI  R30,LOW(49)
0000b3 c00b      	RJMP _0x33
                 ; 0000 00B7             break;
                 ; 0000 00B8         case 2:
                 _0xC:
0000b4 d26b      	RCALL SUBOPT_0x3
0000b5 f411      	BRNE _0xD
                 ; 0000 00B9             scankey = '4';
0000b6 e3e4      	LDI  R30,LOW(52)
0000b7 c007      	RJMP _0x33
                 ; 0000 00BA             break;
                 ; 0000 00BB         case 4:
                 _0xD:
0000b8 d26b      	RCALL SUBOPT_0x4
0000b9 f411      	BRNE _0xE
                 ; 0000 00BC             scankey = '7';
0000ba e3e7      	LDI  R30,LOW(55)
0000bb c003      	RJMP _0x33
                 ; 0000 00BD             break;
                 ; 0000 00BE         case 8:
                 _0xE:
0000bc d26b      	RCALL SUBOPT_0x5
0000bd f411      	BRNE _0xB
                 ; 0000 00BF             scankey = '*';
0000be e2ea      	LDI  R30,LOW(42)
                 _0x33:
0000bf 2e4e      	MOV  R4,R30
                 ; 0000 00C0             break;
                 ; 0000 00C1         };
                 _0xB:
                 ; 0000 00C2 
                 ; 0000 00C3     PORTD.4=1;
0000c0 9a94      	SBI  0x12,4
                 ; 0000 00C4     PORTD.5=0;
0000c1 9895      	CBI  0x12,5
                 ; 0000 00C5     scan = (~PIND & 0x0f);
0000c2 d254      	RCALL SUBOPT_0x2
                 ; 0000 00C6 
                 ; 0000 00C7     switch(scan){
                 ; 0000 00C8         case 1:
0000c3 f411      	BRNE _0x17
                 ; 0000 00C9             scankey = '2';
0000c4 e3e2      	LDI  R30,LOW(50)
0000c5 c00b      	RJMP _0x34
                 ; 0000 00CA             break;
                 ; 0000 00CB         case 2:
                 _0x17:
0000c6 d259      	RCALL SUBOPT_0x3
0000c7 f411      	BRNE _0x18
                 ; 0000 00CC             scankey ='5';
0000c8 e3e5      	LDI  R30,LOW(53)
0000c9 c007      	RJMP _0x34
                 ; 0000 00CD             break;
                 ; 0000 00CE         case 4:
                 _0x18:
0000ca d259      	RCALL SUBOPT_0x4
0000cb f411      	BRNE _0x19
                 ; 0000 00CF             scankey ='8';
0000cc e3e8      	LDI  R30,LOW(56)
0000cd c003      	RJMP _0x34
                 ; 0000 00D0             break;
                 ; 0000 00D1         case 8:
                 _0x19:
0000ce d259      	RCALL SUBOPT_0x5
0000cf f411      	BRNE _0x16
                 ; 0000 00D2             scankey ='0';
0000d0 e3e0      	LDI  R30,LOW(48)
                 _0x34:
0000d1 2e4e      	MOV  R4,R30
                 ; 0000 00D3             break;
                 ; 0000 00D4         };
                 _0x16:
                 ; 0000 00D5     PORTD.5=1;
0000d2 9a95      	SBI  0x12,5
                 ; 0000 00D6     PORTD.6=0;
0000d3 9896      	CBI  0x12,6
                 ; 0000 00D7     scan = (~PIND & 0x0f);
0000d4 d242      	RCALL SUBOPT_0x2
                 ; 0000 00D8     switch(scan){
                 ; 0000 00D9         case 1:
0000d5 f411      	BRNE _0x22
                 ; 0000 00DA             scankey = '3';
0000d6 e3e3      	LDI  R30,LOW(51)
0000d7 c00b      	RJMP _0x35
                 ; 0000 00DB             break;
                 ; 0000 00DC         case 2:
                 _0x22:
0000d8 d247      	RCALL SUBOPT_0x3
0000d9 f411      	BRNE _0x23
                 ; 0000 00DD             scankey = '6';
0000da e3e6      	LDI  R30,LOW(54)
0000db c007      	RJMP _0x35
                 ; 0000 00DE             break;
                 ; 0000 00DF         case 4:
                 _0x23:
0000dc d247      	RCALL SUBOPT_0x4
0000dd f411      	BRNE _0x24
                 ; 0000 00E0             scankey = '9';
0000de e3e9      	LDI  R30,LOW(57)
0000df c003      	RJMP _0x35
                 ; 0000 00E1             break;
                 ; 0000 00E2         case 8:
                 _0x24:
0000e0 d247      	RCALL SUBOPT_0x5
0000e1 f411      	BRNE _0x21
                 ; 0000 00E3             scankey = '#';
0000e2 e2e3      	LDI  R30,LOW(35)
                 _0x35:
0000e3 2e4e      	MOV  R4,R30
                 ; 0000 00E4             break;
                 ; 0000 00E5         };
                 _0x21:
                 ; 0000 00E6     PORTD.6=1;
0000e4 9a96      	SBI  0x12,6
                 ; 0000 00E7     PORTD.7=0;
0000e5 9897      	CBI  0x12,7
                 ; 0000 00E8     scan = (~PIND & 0x0F);
0000e6 d230      	RCALL SUBOPT_0x2
                 ; 0000 00E9     switch(scan){
                 ; 0000 00EA         case 1:
0000e7 f411      	BRNE _0x2D
                 ; 0000 00EB             scankey = 'A';
0000e8 e4e1      	LDI  R30,LOW(65)
0000e9 c00b      	RJMP _0x36
                 ; 0000 00EC             break;
                 ; 0000 00ED         case 2:
                 _0x2D:
0000ea d235      	RCALL SUBOPT_0x3
0000eb f411      	BRNE _0x2E
                 ; 0000 00EE             scankey = 'B';
0000ec e4e2      	LDI  R30,LOW(66)
0000ed c007      	RJMP _0x36
                 ; 0000 00EF             break;
                 ; 0000 00F0         case 4:
                 _0x2E:
0000ee d235      	RCALL SUBOPT_0x4
0000ef f411      	BRNE _0x2F
                 ; 0000 00F1             scankey = 'C';
0000f0 e4e3      	LDI  R30,LOW(67)
0000f1 c003      	RJMP _0x36
                 ; 0000 00F2             break;
                 ; 0000 00F3         case 8:
                 _0x2F:
0000f2 d235      	RCALL SUBOPT_0x5
0000f3 f411      	BRNE _0x2C
                 ; 0000 00F4             scankey = 'D';
0000f4 e4e4      	LDI  R30,LOW(68)
                 _0x36:
0000f5 2e4e      	MOV  R4,R30
                 ; 0000 00F5             break;
                 ; 0000 00F6         };
                 _0x2C:
                 ; 0000 00F7         PORTD.7=1;
0000f6 9a97      	SBI  0x12,7
                 ; 0000 00F8 }
0000f7 9508      	RET
                 ; .FEND
                 	#ifndef __SLEEP_DEFINED__
                 	#endif
                 
                 	.DSEG
                 
                 	.CSEG
                 __lcd_write_nibble_G100:
                 ; .FSTART __lcd_write_nibble_G100
0000f8 93aa      	ST   -Y,R26
0000f9 b3e8      	IN   R30,0x18
0000fa 70ef      	ANDI R30,LOW(0xF)
0000fb 2fae      	MOV  R26,R30
0000fc 81e8      	LD   R30,Y
0000fd 7fe0      	ANDI R30,LOW(0xF0)
0000fe 2bea      	OR   R30,R26
0000ff bbe8      	OUT  0x18,R30
000100 d22b      	RCALL SUBOPT_0x6
000101 9ac2      	SBI  0x18,2
000102 d229      	RCALL SUBOPT_0x6
000103 98c2      	CBI  0x18,2
000104 d227      	RCALL SUBOPT_0x6
000105 c083      	RJMP _0x2080002
                 ; .FEND
                 __lcd_write_data:
                 ; .FSTART __lcd_write_data
000106 93aa      	ST   -Y,R26
000107 81a8      	LD   R26,Y
000108 dfef      	RCALL __lcd_write_nibble_G100
000109 81e8          ld    r30,y
00010a 95e2          swap  r30
00010b 83e8          st    y,r30
00010c 81a8      	LD   R26,Y
00010d dfea      	RCALL __lcd_write_nibble_G100
                +
00010e e483     +LDI R24 , LOW ( 67 )
                +__DELAY_USB_LOOP :
00010f 958a     +DEC R24
000110 f7f1     +BRNE __DELAY_USB_LOOP
                 	__DELAY_USB 67
000111 c077      	RJMP _0x2080002
                 ; .FEND
                 _lcd_gotoxy:
                 ; .FSTART _lcd_gotoxy
000112 93aa      	ST   -Y,R26
000113 81e8      	LD   R30,Y
000114 e0f0      	LDI  R31,0
000115 51e0      	SUBI R30,LOW(-__base_y_G100)
000116 4fff      	SBCI R31,HIGH(-__base_y_G100)
000117 81e0      	LD   R30,Z
000118 81a9      	LDD  R26,Y+1
000119 0fae      	ADD  R26,R30
00011a dfeb      	RCALL __lcd_write_data
00011b 8079      	LDD  R7,Y+1
00011c 8068      	LDD  R6,Y+0
00011d 9622      	ADIW R28,2
00011e 9508      	RET
                 ; .FEND
                 _lcd_clear:
                 ; .FSTART _lcd_clear
00011f e0a2      	LDI  R26,LOW(2)
000120 dfe5      	RCALL __lcd_write_data
000121 e0a3      	LDI  R26,LOW(3)
000122 d1f2      	RCALL SUBOPT_0x1
000123 e0ac      	LDI  R26,LOW(12)
000124 dfe1      	RCALL __lcd_write_data
000125 e0a1      	LDI  R26,LOW(1)
000126 dfdf      	RCALL __lcd_write_data
000127 e0a3      	LDI  R26,LOW(3)
000128 d1ec      	RCALL SUBOPT_0x1
000129 e0e0      	LDI  R30,LOW(0)
00012a 2e6e      	MOV  R6,R30
00012b 2e7e      	MOV  R7,R30
00012c 9508      	RET
                 ; .FEND
                 _lcd_putchar:
                 ; .FSTART _lcd_putchar
00012d 93aa      	ST   -Y,R26
00012e 81a8      	LD   R26,Y
00012f 30aa      	CPI  R26,LOW(0xA)
000130 f011      	BREQ _0x2000005
000131 1479      	CP   R7,R9
000132 f048      	BRLO _0x2000004
                 _0x2000005:
000133 e0e0      	LDI  R30,LOW(0)
000134 93ea      	ST   -Y,R30
000135 9463      	INC  R6
000136 2da6      	MOV  R26,R6
000137 dfda      	RCALL _lcd_gotoxy
000138 81a8      	LD   R26,Y
000139 30aa      	CPI  R26,LOW(0xA)
00013a f409      	BRNE _0x2000007
00013b c04d      	RJMP _0x2080002
                 _0x2000007:
                 _0x2000004:
00013c 9473      	INC  R7
00013d 9ac0      	SBI  0x18,0
00013e 81a8      	LD   R26,Y
00013f dfc6      	RCALL __lcd_write_data
000140 98c0      	CBI  0x18,0
000141 c047      	RJMP _0x2080002
                 ; .FEND
                 _lcd_puts:
                 ; .FSTART _lcd_puts
000142 93ba      	ST   -Y,R27
000143 93aa      	ST   -Y,R26
000144 931a      	ST   -Y,R17
                 _0x2000008:
000145 81a9      	LDD  R26,Y+1
000146 81ba      	LDD  R27,Y+1+1
000147 91ed      	LD   R30,X+
000148 83a9      	STD  Y+1,R26
000149 83ba      	STD  Y+1+1,R27
00014a 2f1e      	MOV  R17,R30
00014b 30e0      	CPI  R30,0
00014c f019      	BREQ _0x200000A
00014d 2fa1      	MOV  R26,R17
00014e dfde      	RCALL _lcd_putchar
00014f cff5      	RJMP _0x2000008
                 _0x200000A:
000150 c00f      	RJMP _0x2080003
                 ; .FEND
                 _lcd_putsf:
                 ; .FSTART _lcd_putsf
000151 d1de      	RCALL SUBOPT_0x7
000152 931a      	ST   -Y,R17
                 _0x200000B:
000153 81e9      	LDD  R30,Y+1
000154 81fa      	LDD  R31,Y+1+1
000155 9631      	ADIW R30,1
000156 83e9      	STD  Y+1,R30
000157 83fa      	STD  Y+1+1,R31
000158 9731      	SBIW R30,1
000159 91e4      	LPM  R30,Z
00015a 2f1e      	MOV  R17,R30
00015b 30e0      	CPI  R30,0
00015c f019      	BREQ _0x200000D
00015d 2fa1      	MOV  R26,R17
00015e dfce      	RCALL _lcd_putchar
00015f cff3      	RJMP _0x200000B
                 _0x200000D:
                 _0x2080003:
000160 8118      	LDD  R17,Y+0
000161 9623      	ADIW R28,3
000162 9508      	RET
                 ; .FEND
                 _lcd_init:
                 ; .FSTART _lcd_init
000163 93aa      	ST   -Y,R26
000164 b3e7      	IN   R30,0x17
000165 6fe0      	ORI  R30,LOW(0xF0)
000166 bbe7      	OUT  0x17,R30
000167 9aba      	SBI  0x17,2
000168 9ab8      	SBI  0x17,0
000169 9ab9      	SBI  0x17,1
00016a 98c2      	CBI  0x18,2
00016b 98c0      	CBI  0x18,0
00016c 98c1      	CBI  0x18,1
00016d 8098      	LDD  R9,Y+0
00016e 81e8      	LD   R30,Y
00016f 58e0      	SUBI R30,-LOW(128)
                +
000170 93e0 00f2+STS __base_y_G100 + ( 2 ) , R30
                 	__PUTB1MN __base_y_G100,2
000172 81e8      	LD   R30,Y
000173 54e0      	SUBI R30,-LOW(192)
                +
000174 93e0 00f3+STS __base_y_G100 + ( 3 ) , R30
                 	__PUTB1MN __base_y_G100,3
000176 e1a4      	LDI  R26,LOW(20)
000177 d19d      	RCALL SUBOPT_0x1
000178 d1ba      	RCALL SUBOPT_0x8
000179 d1b9      	RCALL SUBOPT_0x8
00017a d1b8      	RCALL SUBOPT_0x8
00017b e2a0      	LDI  R26,LOW(32)
00017c df7b      	RCALL __lcd_write_nibble_G100
                +
00017d e885     +LDI R24 , LOW ( 133 )
                +__DELAY_USB_LOOP :
00017e 958a     +DEC R24
00017f f7f1     +BRNE __DELAY_USB_LOOP
                 	__DELAY_USB 133
000180 e2a8      	LDI  R26,LOW(40)
000181 df84      	RCALL __lcd_write_data
000182 e0a4      	LDI  R26,LOW(4)
000183 df82      	RCALL __lcd_write_data
000184 e8a5      	LDI  R26,LOW(133)
000185 df80      	RCALL __lcd_write_data
000186 e0a6      	LDI  R26,LOW(6)
000187 df7e      	RCALL __lcd_write_data
000188 df96      	RCALL _lcd_clear
                 _0x2080002:
000189 9621      	ADIW R28,1
00018a 9508      	RET
                 ; .FEND
                 	#ifndef __SLEEP_DEFINED__
                 	#endif
                 
                 	.CSEG
                 _put_buff_G101:
                 ; .FSTART _put_buff_G101
00018b d1a4      	RCALL SUBOPT_0x7
00018c d204      	RCALL __SAVELOCR2
00018d d1ab      	RCALL SUBOPT_0x9
00018e 9612      	ADIW R26,2
00018f d1f0      	RCALL __GETW1P
000190 9730      	SBIW R30,0
000191 f0f1      	BREQ _0x2020010
000192 d1a6      	RCALL SUBOPT_0x9
000193 d1a8      	RCALL SUBOPT_0xA
000194 018f      	MOVW R16,R30
000195 9730      	SBIW R30,0
000196 f061      	BREQ _0x2020012
                +
000197 3002     +CPI R16 , LOW ( 2 )
000198 e0e0     +LDI R30 , HIGH ( 2 )
000199 071e     +CPC R17 , R30
                 	__CPWRN 16,17,2
00019a f070      	BRLO _0x2020013
00019b 01f8      	MOVW R30,R16
00019c 9731      	SBIW R30,1
00019d 018f      	MOVW R16,R30
                +
00019e 81aa     +LDD R26 , Y + 2
00019f 81bb     +LDD R27 , Y + 2 + 1
0001a0 9614     +ADIW R26 , 4
0001a1 93ed     +ST X + , R30
0001a2 93fc     +ST X , R31
                 	__PUTW1SNS 2,4
                 _0x2020012:
0001a3 d195      	RCALL SUBOPT_0x9
0001a4 9612      	ADIW R26,2
0001a5 d199      	RCALL SUBOPT_0xB
0001a6 9731      	SBIW R30,1
0001a7 81ac      	LDD  R26,Y+4
0001a8 83a0      	STD  Z+0,R26
                 _0x2020013:
0001a9 d18f      	RCALL SUBOPT_0x9
0001aa d1d5      	RCALL __GETW1P
0001ab 23ff      	TST  R31
0001ac f012      	BRMI _0x2020014
0001ad d18b      	RCALL SUBOPT_0x9
0001ae d190      	RCALL SUBOPT_0xB
                 _0x2020014:
0001af c005      	RJMP _0x2020015
                 _0x2020010:
0001b0 d188      	RCALL SUBOPT_0x9
0001b1 efef      	LDI  R30,LOW(65535)
0001b2 efff      	LDI  R31,HIGH(65535)
0001b3 93ed      	ST   X+,R30
0001b4 93fc      	ST   X,R31
                 _0x2020015:
0001b5 d1e2      	RCALL __LOADLOCR2
0001b6 9625      	ADIW R28,5
0001b7 9508      	RET
                 ; .FEND
                 __print_G101:
                 ; .FSTART __print_G101
0001b8 d177      	RCALL SUBOPT_0x7
0001b9 9726      	SBIW R28,6
0001ba d1d2      	RCALL __SAVELOCR6
0001bb e010      	LDI  R17,0
0001bc 85ac      	LDD  R26,Y+12
0001bd 85bd      	LDD  R27,Y+12+1
0001be e0e0      	LDI  R30,LOW(0)
0001bf e0f0      	LDI  R31,HIGH(0)
0001c0 93ed      	ST   X+,R30
0001c1 93fc      	ST   X,R31
                 _0x2020016:
0001c2 89ea      	LDD  R30,Y+18
0001c3 89fb      	LDD  R31,Y+18+1
0001c4 9631      	ADIW R30,1
0001c5 8bea      	STD  Y+18,R30
0001c6 8bfb      	STD  Y+18+1,R31
0001c7 9731      	SBIW R30,1
0001c8 91e4      	LPM  R30,Z
0001c9 2f2e      	MOV  R18,R30
0001ca 30e0      	CPI  R30,0
0001cb f409      	BRNE PC+2
0001cc c0fe      	RJMP _0x2020018
0001cd 2fe1      	MOV  R30,R17
0001ce 30e0      	CPI  R30,0
0001cf f431      	BRNE _0x202001C
0001d0 3225      	CPI  R18,37
0001d1 f411      	BRNE _0x202001D
0001d2 e011      	LDI  R17,LOW(1)
0001d3 c001      	RJMP _0x202001E
                 _0x202001D:
0001d4 d170      	RCALL SUBOPT_0xC
                 _0x202001E:
0001d5 c0f4      	RJMP _0x202001B
                 _0x202001C:
0001d6 30e1      	CPI  R30,LOW(0x1)
0001d7 f4a1      	BRNE _0x202001F
0001d8 3225      	CPI  R18,37
0001d9 f411      	BRNE _0x2020020
0001da d16a      	RCALL SUBOPT_0xC
0001db c0ed      	RJMP _0x20200CC
                 _0x2020020:
0001dc e012      	LDI  R17,LOW(2)
0001dd e040      	LDI  R20,LOW(0)
0001de e000      	LDI  R16,LOW(0)
0001df 322d      	CPI  R18,45
0001e0 f411      	BRNE _0x2020021
0001e1 e001      	LDI  R16,LOW(1)
0001e2 c0e7      	RJMP _0x202001B
                 _0x2020021:
0001e3 322b      	CPI  R18,43
0001e4 f411      	BRNE _0x2020022
0001e5 e24b      	LDI  R20,LOW(43)
0001e6 c0e3      	RJMP _0x202001B
                 _0x2020022:
0001e7 3220      	CPI  R18,32
0001e8 f411      	BRNE _0x2020023
0001e9 e240      	LDI  R20,LOW(32)
0001ea c0df      	RJMP _0x202001B
                 _0x2020023:
0001eb c002      	RJMP _0x2020024
                 _0x202001F:
0001ec 30e2      	CPI  R30,LOW(0x2)
0001ed f439      	BRNE _0x2020025
                 _0x2020024:
0001ee e050      	LDI  R21,LOW(0)
0001ef e013      	LDI  R17,LOW(3)
0001f0 3320      	CPI  R18,48
0001f1 f411      	BRNE _0x2020026
0001f2 6800      	ORI  R16,LOW(128)
0001f3 c0d6      	RJMP _0x202001B
                 _0x2020026:
0001f4 c003      	RJMP _0x2020027
                 _0x2020025:
0001f5 30e3      	CPI  R30,LOW(0x3)
0001f6 f009      	BREQ PC+2
0001f7 c0d2      	RJMP _0x202001B
                 _0x2020027:
0001f8 3320      	CPI  R18,48
0001f9 f010      	BRLO _0x202002A
0001fa 332a      	CPI  R18,58
0001fb f008      	BRLO _0x202002B
                 _0x202002A:
0001fc c007      	RJMP _0x2020029
                 _0x202002B:
0001fd e0aa      	LDI  R26,LOW(10)
0001fe 9f5a      	MUL  R21,R26
0001ff 2d50      	MOV  R21,R0
000200 2fe2      	MOV  R30,R18
000201 53e0      	SUBI R30,LOW(48)
000202 0f5e      	ADD  R21,R30
000203 c0c6      	RJMP _0x202001B
                 _0x2020029:
000204 2fe2      	MOV  R30,R18
000205 36e3      	CPI  R30,LOW(0x63)
000206 f439      	BRNE _0x202002F
000207 d144      	RCALL SUBOPT_0xD
000208 d146      	RCALL SUBOPT_0xE
000209 d142      	RCALL SUBOPT_0xD
00020a 81a4      	LDD  R26,Z+4
00020b 93aa      	ST   -Y,R26
00020c d146      	RCALL SUBOPT_0xF
00020d c0bb      	RJMP _0x2020030
                 _0x202002F:
00020e 37e3      	CPI  R30,LOW(0x73)
00020f f431      	BRNE _0x2020032
000210 d148      	RCALL SUBOPT_0x10
000211 d149      	RCALL SUBOPT_0x11
000212 d14b      	RCALL SUBOPT_0x12
000213 d0e7      	RCALL _strlen
000214 2f1e      	MOV  R17,R30
000215 c008      	RJMP _0x2020033
                 _0x2020032:
000216 37e0      	CPI  R30,LOW(0x70)
000217 f451      	BRNE _0x2020035
000218 d140      	RCALL SUBOPT_0x10
000219 d141      	RCALL SUBOPT_0x11
00021a d143      	RCALL SUBOPT_0x12
00021b d0ea      	RCALL _strlenf
00021c 2f1e      	MOV  R17,R30
00021d 6008      	ORI  R16,LOW(8)
                 _0x2020033:
00021e 6002      	ORI  R16,LOW(2)
00021f 770f      	ANDI R16,LOW(127)
000220 e030      	LDI  R19,LOW(0)
000221 c02e      	RJMP _0x2020036
                 _0x2020035:
000222 36e4      	CPI  R30,LOW(0x64)
000223 f011      	BREQ _0x2020039
000224 36e9      	CPI  R30,LOW(0x69)
000225 f411      	BRNE _0x202003A
                 _0x2020039:
000226 6004      	ORI  R16,LOW(4)
000227 c002      	RJMP _0x202003B
                 _0x202003A:
000228 37e5      	CPI  R30,LOW(0x75)
000229 f429      	BRNE _0x202003C
                 _0x202003B:
00022a e2ea      	LDI  R30,LOW(_tbl10_G101*2)
00022b e0f0      	LDI  R31,HIGH(_tbl10_G101*2)
00022c d136      	RCALL SUBOPT_0x13
00022d e015      	LDI  R17,LOW(5)
00022e c00b      	RJMP _0x202003D
                 _0x202003C:
00022f 35e8      	CPI  R30,LOW(0x58)
000230 f411      	BRNE _0x202003F
000231 6008      	ORI  R16,LOW(8)
000232 c003      	RJMP _0x2020040
                 _0x202003F:
000233 37e8      	CPI  R30,LOW(0x78)
000234 f009      	BREQ PC+2
000235 c093      	RJMP _0x2020071
                 _0x2020040:
000236 e3e4      	LDI  R30,LOW(_tbl16_G101*2)
000237 e0f0      	LDI  R31,HIGH(_tbl16_G101*2)
000238 d12a      	RCALL SUBOPT_0x13
000239 e014      	LDI  R17,LOW(4)
                 _0x202003D:
00023a ff02      	SBRS R16,2
00023b c011      	RJMP _0x2020042
00023c d11c      	RCALL SUBOPT_0x10
00023d d11d      	RCALL SUBOPT_0x11
00023e d127      	RCALL SUBOPT_0x14
00023f 85ab      	LDD  R26,Y+11
000240 23aa      	TST  R26
000241 f42a      	BRPL _0x2020043
000242 85ea      	LDD  R30,Y+10
000243 85fb      	LDD  R31,Y+10+1
000244 d137      	RCALL __ANEGW1
000245 d120      	RCALL SUBOPT_0x14
000246 e24d      	LDI  R20,LOW(45)
                 _0x2020043:
000247 3040      	CPI  R20,0
000248 f011      	BREQ _0x2020044
000249 5f1f      	SUBI R17,-LOW(1)
00024a c001      	RJMP _0x2020045
                 _0x2020044:
00024b 7f0b      	ANDI R16,LOW(251)
                 _0x2020045:
00024c c003      	RJMP _0x2020046
                 _0x2020042:
00024d d10b      	RCALL SUBOPT_0x10
00024e d10c      	RCALL SUBOPT_0x11
00024f d116      	RCALL SUBOPT_0x14
                 _0x2020046:
                 _0x2020036:
000250 fd00      	SBRC R16,0
000251 c010      	RJMP _0x2020047
                 _0x2020048:
000252 1715      	CP   R17,R21
000253 f470      	BRSH _0x202004A
000254 ff07      	SBRS R16,7
000255 c008      	RJMP _0x202004B
000256 ff02      	SBRS R16,2
000257 c004      	RJMP _0x202004C
000258 7f0b      	ANDI R16,LOW(251)
000259 2f24      	MOV  R18,R20
00025a 5011      	SUBI R17,LOW(1)
00025b c001      	RJMP _0x202004D
                 _0x202004C:
00025c e320      	LDI  R18,LOW(48)
                 _0x202004D:
00025d c001      	RJMP _0x202004E
                 _0x202004B:
00025e e220      	LDI  R18,LOW(32)
                 _0x202004E:
00025f d0e5      	RCALL SUBOPT_0xC
000260 5051      	SUBI R21,LOW(1)
000261 cff0      	RJMP _0x2020048
                 _0x202004A:
                 _0x2020047:
000262 2f31      	MOV  R19,R17
000263 ff01      	SBRS R16,1
000264 c015      	RJMP _0x202004F
                 _0x2020050:
000265 3030      	CPI  R19,0
000266 f091      	BREQ _0x2020052
000267 ff03      	SBRS R16,3
000268 c005      	RJMP _0x2020053
000269 81ee      	LDD  R30,Y+6
00026a 81ff      	LDD  R31,Y+6+1
00026b 9125      	LPM  R18,Z+
00026c d0f6      	RCALL SUBOPT_0x13
00026d c005      	RJMP _0x2020054
                 _0x2020053:
00026e 81ae      	LDD  R26,Y+6
00026f 81bf      	LDD  R27,Y+6+1
000270 912d      	LD   R18,X+
000271 83ae      	STD  Y+6,R26
000272 83bf      	STD  Y+6+1,R27
                 _0x2020054:
000273 d0d1      	RCALL SUBOPT_0xC
000274 3050      	CPI  R21,0
000275 f009      	BREQ _0x2020055
000276 5051      	SUBI R21,LOW(1)
                 _0x2020055:
000277 5031      	SUBI R19,LOW(1)
000278 cfec      	RJMP _0x2020050
                 _0x2020052:
000279 c046      	RJMP _0x2020056
                 _0x202004F:
                 _0x2020058:
00027a e320      	LDI  R18,LOW(48)
00027b 81ee      	LDD  R30,Y+6
00027c 81ff      	LDD  R31,Y+6+1
00027d d106      	RCALL __GETW1PF
00027e 87e8      	STD  Y+8,R30
00027f 87f9      	STD  Y+8+1,R31
000280 81ee      	LDD  R30,Y+6
000281 81ff      	LDD  R31,Y+6+1
000282 9632      	ADIW R30,2
000283 d0df      	RCALL SUBOPT_0x13
                 _0x202005A:
000284 85e8      	LDD  R30,Y+8
000285 85f9      	LDD  R31,Y+8+1
000286 85aa      	LDD  R26,Y+10
000287 85bb      	LDD  R27,Y+10+1
000288 17ae      	CP   R26,R30
000289 07bf      	CPC  R27,R31
00028a f048      	BRLO _0x202005C
00028b 5f2f      	SUBI R18,-LOW(1)
00028c 85a8      	LDD  R26,Y+8
00028d 85b9      	LDD  R27,Y+8+1
00028e 85ea      	LDD  R30,Y+10
00028f 85fb      	LDD  R31,Y+10+1
000290 1bea      	SUB  R30,R26
000291 0bfb      	SBC  R31,R27
000292 d0d3      	RCALL SUBOPT_0x14
000293 cff0      	RJMP _0x202005A
                 _0x202005C:
000294 332a      	CPI  R18,58
000295 f028      	BRLO _0x202005D
000296 ff03      	SBRS R16,3
000297 c002      	RJMP _0x202005E
000298 5f29      	SUBI R18,-LOW(7)
000299 c001      	RJMP _0x202005F
                 _0x202005E:
00029a 5d29      	SUBI R18,-LOW(39)
                 _0x202005F:
                 _0x202005D:
00029b fd04      	SBRC R16,4
00029c c019      	RJMP _0x2020061
00029d 3321      	CPI  R18,49
00029e f420      	BRSH _0x2020063
00029f 85a8      	LDD  R26,Y+8
0002a0 85b9      	LDD  R27,Y+8+1
0002a1 9711      	SBIW R26,1
0002a2 f409      	BRNE _0x2020062
                 _0x2020063:
0002a3 c009      	RJMP _0x20200CD
                 _0x2020062:
0002a4 1753      	CP   R21,R19
0002a5 f010      	BRLO _0x2020067
0002a6 ff00      	SBRS R16,0
0002a7 c001      	RJMP _0x2020068
                 _0x2020067:
0002a8 c011      	RJMP _0x2020066
                 _0x2020068:
0002a9 e220      	LDI  R18,LOW(32)
0002aa ff07      	SBRS R16,7
0002ab c00a      	RJMP _0x2020069
0002ac e320      	LDI  R18,LOW(48)
                 _0x20200CD:
0002ad 6100      	ORI  R16,LOW(16)
0002ae ff02      	SBRS R16,2
0002af c006      	RJMP _0x202006A
0002b0 7f0b      	ANDI R16,LOW(251)
0002b1 934a      	ST   -Y,R20
0002b2 d0a0      	RCALL SUBOPT_0xF
0002b3 3050      	CPI  R21,0
0002b4 f009      	BREQ _0x202006B
0002b5 5051      	SUBI R21,LOW(1)
                 _0x202006B:
                 _0x202006A:
                 _0x2020069:
                 _0x2020061:
0002b6 d08e      	RCALL SUBOPT_0xC
0002b7 3050      	CPI  R21,0
0002b8 f009      	BREQ _0x202006C
0002b9 5051      	SUBI R21,LOW(1)
                 _0x202006C:
                 _0x2020066:
0002ba 5031      	SUBI R19,LOW(1)
0002bb 85a8      	LDD  R26,Y+8
0002bc 85b9      	LDD  R27,Y+8+1
0002bd 9712      	SBIW R26,2
0002be f008      	BRLO _0x2020059
0002bf cfba      	RJMP _0x2020058
                 _0x2020059:
                 _0x2020056:
0002c0 ff00      	SBRS R16,0
0002c1 c007      	RJMP _0x202006D
                 _0x202006E:
0002c2 3050      	CPI  R21,0
0002c3 f029      	BREQ _0x2020070
0002c4 5051      	SUBI R21,LOW(1)
0002c5 e2e0      	LDI  R30,LOW(32)
0002c6 93ea      	ST   -Y,R30
0002c7 d08b      	RCALL SUBOPT_0xF
0002c8 cff9      	RJMP _0x202006E
                 _0x2020070:
                 _0x202006D:
                 _0x2020071:
                 _0x2020030:
                 _0x20200CC:
0002c9 e010      	LDI  R17,LOW(0)
                 _0x202001B:
0002ca cef7      	RJMP _0x2020016
                 _0x2020018:
0002cb 85ac      	LDD  R26,Y+12
0002cc 85bd      	LDD  R27,Y+12+1
0002cd d0b2      	RCALL __GETW1P
0002ce d0c5      	RCALL __LOADLOCR6
0002cf 9664      	ADIW R28,20
0002d0 9508      	RET
                 ; .FEND
                 _sprintf:
                 ; .FSTART _sprintf
0002d1 92ff      	PUSH R15
0002d2 2ef8      	MOV  R15,R24
0002d3 9726      	SBIW R28,6
0002d4 d0ba      	RCALL __SAVELOCR4
0002d5 d093      	RCALL SUBOPT_0x15
0002d6 9730      	SBIW R30,0
0002d7 f419      	BRNE _0x2020072
0002d8 efef      	LDI  R30,LOW(65535)
0002d9 efff      	LDI  R31,HIGH(65535)
0002da c01c      	RJMP _0x2080001
                 _0x2020072:
0002db 01de      	MOVW R26,R28
0002dc 9616      	ADIW R26,6
0002dd d09a      	RCALL __ADDW2R15
0002de 018d      	MOVW R16,R26
0002df d089      	RCALL SUBOPT_0x15
0002e0 d082      	RCALL SUBOPT_0x13
0002e1 e0e0      	LDI  R30,LOW(0)
0002e2 87e8      	STD  Y+8,R30
0002e3 87e9      	STD  Y+8+1,R30
0002e4 01de      	MOVW R26,R28
0002e5 961a      	ADIW R26,10
0002e6 d091      	RCALL __ADDW2R15
0002e7 d098      	RCALL __GETW1P
0002e8 d029      	RCALL SUBOPT_0x0
0002e9 931a      	ST   -Y,R17
0002ea 930a      	ST   -Y,R16
0002eb e8eb      	LDI  R30,LOW(_put_buff_G101)
0002ec e0f1      	LDI  R31,HIGH(_put_buff_G101)
0002ed d024      	RCALL SUBOPT_0x0
0002ee 01de      	MOVW R26,R28
0002ef 961a      	ADIW R26,10
0002f0 dec7      	RCALL __print_G101
0002f1 019f      	MOVW R18,R30
0002f2 81ae      	LDD  R26,Y+6
0002f3 81bf      	LDD  R27,Y+6+1
0002f4 e0e0      	LDI  R30,LOW(0)
0002f5 93ec      	ST   X,R30
0002f6 01f9      	MOVW R30,R18
                 _0x2080001:
0002f7 d09e      	RCALL __LOADLOCR4
0002f8 962a      	ADIW R28,10
0002f9 90ff      	POP  R15
0002fa 9508      	RET
                 ; .FEND
                 
                 	.CSEG
                 
                 	.CSEG
                 _strlen:
                 ; .FSTART _strlen
0002fb d034      	RCALL SUBOPT_0x7
0002fc 91a9          ld   r26,y+
0002fd 91b9          ld   r27,y+
0002fe 27ee          clr  r30
0002ff 27ff          clr  r31
                 strlen0:
000300 916d          ld   r22,x+
000301 2366          tst  r22
000302 f011          breq strlen1
000303 9631          adiw r30,1
000304 cffb          rjmp strlen0
                 strlen1:
000305 9508          ret
                 ; .FEND
                 _strlenf:
                 ; .FSTART _strlenf
000306 d029      	RCALL SUBOPT_0x7
000307 27aa          clr  r26
000308 27bb          clr  r27
000309 91e9          ld   r30,y+
00030a 91f9          ld   r31,y+
                 strlenf0:
00030b 9005      	lpm  r0,z+
00030c 2000          tst  r0
00030d f011          breq strlenf1
00030e 9611          adiw r26,1
00030f cffb          rjmp strlenf0
                 strlenf1:
000310 01fd          movw r30,r26
000311 9508          ret
                 ; .FEND
                 
                 	.DSEG
                 _kata:
0000e0           	.BYTE 0x10
                 __base_y_G100:
0000f0           	.BYTE 0x4
                 
                 	.CSEG
                 ;OPTIMIZER ADDED SUBROUTINE, CALLED 4 TIMES, CODE SIZE REDUCTION:1 WORDS
                 SUBOPT_0x0:
000312 93fa      	ST   -Y,R31
000313 93ea      	ST   -Y,R30
000314 9508      	RET
                 
                 ;OPTIMIZER ADDED SUBROUTINE, CALLED 4 TIMES, CODE SIZE REDUCTION:1 WORDS
                 SUBOPT_0x1:
000315 e0b0      	LDI  R27,0
000316 c057      	RJMP _delay_ms
                 
                 ;OPTIMIZER ADDED SUBROUTINE, CALLED 4 TIMES, CODE SIZE REDUCTION:22 WORDS
                 SUBOPT_0x2:
000317 b3e0      	IN   R30,0x10
000318 95e0      	COM  R30
000319 70ef      	ANDI R30,LOW(0xF)
00031a 2e5e      	MOV  R5,R30
00031b e0f0      	LDI  R31,0
00031c 30e1      	CPI  R30,LOW(0x1)
00031d e0a0      	LDI  R26,HIGH(0x1)
00031e 07fa      	CPC  R31,R26
00031f 9508      	RET
                 
                 ;OPTIMIZER ADDED SUBROUTINE, CALLED 4 TIMES, CODE SIZE REDUCTION:4 WORDS
                 SUBOPT_0x3:
000320 30e2      	CPI  R30,LOW(0x2)
000321 e0a0      	LDI  R26,HIGH(0x2)
000322 07fa      	CPC  R31,R26
000323 9508      	RET
                 
                 ;OPTIMIZER ADDED SUBROUTINE, CALLED 4 TIMES, CODE SIZE REDUCTION:4 WORDS
                 SUBOPT_0x4:
000324 30e4      	CPI  R30,LOW(0x4)
000325 e0a0      	LDI  R26,HIGH(0x4)
000326 07fa      	CPC  R31,R26
000327 9508      	RET
                 
                 ;OPTIMIZER ADDED SUBROUTINE, CALLED 4 TIMES, CODE SIZE REDUCTION:4 WORDS
                 SUBOPT_0x5:
000328 30e8      	CPI  R30,LOW(0x8)
000329 e0a0      	LDI  R26,HIGH(0x8)
00032a 07fa      	CPC  R31,R26
00032b 9508      	RET
                 
                 ;OPTIMIZER ADDED SUBROUTINE, CALLED 3 TIMES, CODE SIZE REDUCTION:2 WORDS
                 SUBOPT_0x6:
                +
00032c e087     +LDI R24 , LOW ( 7 )
                +__DELAY_USB_LOOP :
00032d 958a     +DEC R24
00032e f7f1     +BRNE __DELAY_USB_LOOP
                 	__DELAY_USB 7
00032f 9508      	RET
                 
                 ;OPTIMIZER ADDED SUBROUTINE, CALLED 5 TIMES, CODE SIZE REDUCTION:2 WORDS
                 SUBOPT_0x7:
000330 93ba      	ST   -Y,R27
000331 93aa      	ST   -Y,R26
000332 9508      	RET
                 
                 ;OPTIMIZER ADDED SUBROUTINE, CALLED 3 TIMES, CODE SIZE REDUCTION:6 WORDS
                 SUBOPT_0x8:
000333 e3a0      	LDI  R26,LOW(48)
000334 ddc3      	RCALL __lcd_write_nibble_G100
                +
000335 e885     +LDI R24 , LOW ( 133 )
                +__DELAY_USB_LOOP :
000336 958a     +DEC R24
000337 f7f1     +BRNE __DELAY_USB_LOOP
                 	__DELAY_USB 133
000338 9508      	RET
                 
                 ;OPTIMIZER ADDED SUBROUTINE, CALLED 6 TIMES, CODE SIZE REDUCTION:3 WORDS
                 SUBOPT_0x9:
000339 81aa      	LDD  R26,Y+2
00033a 81bb      	LDD  R27,Y+2+1
00033b 9508      	RET
                 
                 ;OPTIMIZER ADDED SUBROUTINE, CALLED 5 TIMES, CODE SIZE REDUCTION:2 WORDS
                 SUBOPT_0xA:
00033c 9614      	ADIW R26,4
00033d d042      	RCALL __GETW1P
00033e 9508      	RET
                 
                 ;OPTIMIZER ADDED SUBROUTINE, CALLED 2 TIMES, CODE SIZE REDUCTION:2 WORDS
                 SUBOPT_0xB:
00033f 91ed      	LD   R30,X+
000340 91fd      	LD   R31,X+
000341 9631      	ADIW R30,1
000342 93fe      	ST   -X,R31
000343 93ee      	ST   -X,R30
000344 9508      	RET
                 
                 ;OPTIMIZER ADDED SUBROUTINE, CALLED 5 TIMES, CODE SIZE REDUCTION:18 WORDS
                 SUBOPT_0xC:
000345 932a      	ST   -Y,R18
000346 85ad      	LDD  R26,Y+13
000347 85be      	LDD  R27,Y+13+1
000348 85ef      	LDD  R30,Y+15
000349 89f8      	LDD  R31,Y+15+1
00034a 9509      	ICALL
00034b 9508      	RET
                 
                 ;OPTIMIZER ADDED SUBROUTINE, CALLED 6 TIMES, CODE SIZE REDUCTION:3 WORDS
                 SUBOPT_0xD:
00034c 89e8      	LDD  R30,Y+16
00034d 89f9      	LDD  R31,Y+16+1
00034e 9508      	RET
                 
                 ;OPTIMIZER ADDED SUBROUTINE, CALLED 5 TIMES, CODE SIZE REDUCTION:6 WORDS
                 SUBOPT_0xE:
00034f 9734      	SBIW R30,4
000350 8be8      	STD  Y+16,R30
000351 8bf9      	STD  Y+16+1,R31
000352 9508      	RET
                 
                 ;OPTIMIZER ADDED SUBROUTINE, CALLED 3 TIMES, CODE SIZE REDUCTION:6 WORDS
                 SUBOPT_0xF:
000353 85ad      	LDD  R26,Y+13
000354 85be      	LDD  R27,Y+13+1
000355 85ef      	LDD  R30,Y+15
000356 89f8      	LDD  R31,Y+15+1
000357 9509      	ICALL
000358 9508      	RET
                 
                 ;OPTIMIZER ADDED SUBROUTINE, CALLED 4 TIMES, CODE SIZE REDUCTION:1 WORDS
                 SUBOPT_0x10:
000359 dff2      	RCALL SUBOPT_0xD
00035a cff4      	RJMP SUBOPT_0xE
                 
                 ;OPTIMIZER ADDED SUBROUTINE, CALLED 4 TIMES, CODE SIZE REDUCTION:4 WORDS
                 SUBOPT_0x11:
00035b 89a8      	LDD  R26,Y+16
00035c 89b9      	LDD  R27,Y+16+1
00035d cfde      	RJMP SUBOPT_0xA
                 
                 ;OPTIMIZER ADDED SUBROUTINE, CALLED 2 TIMES, CODE SIZE REDUCTION:1 WORDS
                 SUBOPT_0x12:
00035e 83ee      	STD  Y+6,R30
00035f 83ff      	STD  Y+6+1,R31
000360 81ae      	LDD  R26,Y+6
000361 81bf      	LDD  R27,Y+6+1
000362 9508      	RET
                 
                 ;OPTIMIZER ADDED SUBROUTINE, CALLED 5 TIMES, CODE SIZE REDUCTION:2 WORDS
                 SUBOPT_0x13:
000363 83ee      	STD  Y+6,R30
000364 83ff      	STD  Y+6+1,R31
000365 9508      	RET
                 
                 ;OPTIMIZER ADDED SUBROUTINE, CALLED 4 TIMES, CODE SIZE REDUCTION:1 WORDS
                 SUBOPT_0x14:
000366 87ea      	STD  Y+10,R30
000367 87fb      	STD  Y+10+1,R31
000368 9508      	RET
                 
                 ;OPTIMIZER ADDED SUBROUTINE, CALLED 2 TIMES, CODE SIZE REDUCTION:1 WORDS
                 SUBOPT_0x15:
000369 01de      	MOVW R26,R28
00036a 961c      	ADIW R26,12
00036b d00c      	RCALL __ADDW2R15
00036c d013      	RCALL __GETW1P
00036d 9508      	RET
                 
                 
                 	.CSEG
                 _delay_ms:
00036e 9610      	adiw r26,0
00036f f039      	breq __delay_ms1
                 __delay_ms0:
                +
000370 ee88     +LDI R24 , LOW ( 0x3E8 )
000371 e093     +LDI R25 , HIGH ( 0x3E8 )
                +__DELAY_USW_LOOP :
000372 9701     +SBIW R24 , 1
000373 f7f1     +BRNE __DELAY_USW_LOOP
                 	__DELAY_USW 0x3E8
000374 95a8      	wdr
000375 9711      	sbiw r26,1
000376 f7c9      	brne __delay_ms0
                 __delay_ms1:
000377 9508      	ret
                 
                 __ADDW2R15:
000378 2400      	CLR  R0
000379 0daf      	ADD  R26,R15
00037a 1db0      	ADC  R27,R0
00037b 9508      	RET
                 
                 __ANEGW1:
00037c 95f1      	NEG  R31
00037d 95e1      	NEG  R30
00037e 40f0      	SBCI R31,0
00037f 9508      	RET
                 
                 __GETW1P:
000380 91ed      	LD   R30,X+
000381 91fc      	LD   R31,X
000382 9711      	SBIW R26,1
000383 9508      	RET
                 
                 __GETW1PF:
000384 9005      	LPM  R0,Z+
000385 91f4      	LPM  R31,Z
000386 2de0      	MOV  R30,R0
000387 9508      	RET
                 
                 __PUTPARD1:
000388 937a      	ST   -Y,R23
000389 936a      	ST   -Y,R22
00038a 93fa      	ST   -Y,R31
00038b 93ea      	ST   -Y,R30
00038c 9508      	RET
                 
                 __SAVELOCR6:
00038d 935a      	ST   -Y,R21
                 __SAVELOCR5:
00038e 934a      	ST   -Y,R20
                 __SAVELOCR4:
00038f 933a      	ST   -Y,R19
                 __SAVELOCR3:
000390 932a      	ST   -Y,R18
                 __SAVELOCR2:
000391 931a      	ST   -Y,R17
000392 930a      	ST   -Y,R16
000393 9508      	RET
                 
                 __LOADLOCR6:
000394 815d      	LDD  R21,Y+5
                 __LOADLOCR5:
000395 814c      	LDD  R20,Y+4
                 __LOADLOCR4:
000396 813b      	LDD  R19,Y+3
                 __LOADLOCR3:
000397 812a      	LDD  R18,Y+2
                 __LOADLOCR2:
000398 8119      	LDD  R17,Y+1
000399 8108      	LD   R16,Y
00039a 9508      	RET
                 
                 ;END OF CODE MARKER
                 __END_OF_CODE:


RESOURCE USE INFORMATION
------------------------

Notice:
The register and instruction counts are symbol table hit counts,
and hence implicitly used resources are not counted, eg, the
'lpm' instruction without operands implicitly uses r0 and z,
none of which are counted.

x,y,z are separate entities in the symbol table and are
counted separately from r26..r31 here.

.dseg memory usage only counts static data declared with .byte

ATmega8535 register use summary:
r0 :  11 r1 :   1 r2 :   0 r3 :   0 r4 :   5 r5 :   1 r6 :   4 r7 :   4 
r8 :   0 r9 :   2 r10:   0 r11:   0 r12:   0 r13:   0 r14:   0 r15:   4 
r16:  32 r17:  25 r18:  29 r19:   8 r20:   9 r21:  17 r22:   6 r23:   2 
r24:  19 r25:   3 r26: 102 r27:  30 r28:  14 r29:   1 r30: 213 r31:  53 
x  :  19 y  : 133 z  :  16 
Registers used: 27 out of 35 (77.1%)

ATmega8535 instruction use summary:
.lds  :   0 .lds.l:   0 .sts  :   0 .sts.l:   0 adc   :   1 add   :   3 
adiw  :  22 and   :   0 andi  :   7 asr   :   0 bclr  :   0 bld   :   0 
brbc  :   0 brbs  :   0 brcc  :   0 brcs  :   0 break :   0 breq  :  18 
brge  :   0 brhc  :   0 brhs  :   0 brid  :   0 brie  :   0 brlo  :   8 
brlt  :   0 brmi  :   1 brne  :  44 brpl  :   1 brsh  :   2 brtc  :   0 
brts  :   0 brvc  :   0 brvs  :   0 bset  :   0 bst   :   0 cbi   :   9 
cbr   :   0 clc   :   0 clh   :   0 cli   :   1 cln   :   0 clr   :  10 
cls   :   0 clt   :   0 clv   :   0 clz   :   0 com   :   1 cp    :   4 
cpc   :   6 cpi   :  38 cpse  :   0 dec   :   5 des   :   0 eor   :   0 
fmul  :   0 fmuls :   0 fmulsu:   0 icall :   2 ijmp  :   0 in    :   3 
inc   :   2 ld    :  23 ldd   :  65 ldi   : 117 lds   :   0 lpm   :  16 
lsl   :   0 lsr   :   0 mov   :  25 movw  :  14 mul   :   1 muls  :   0 
mulsu :   0 neg   :   2 nop   :   0 or    :   1 ori   :   7 out   :  42 
pop   :   1 push  :   1 rcall : 124 ret   :  37 reti  :   0 rjmp  :  98 
rol   :   0 ror   :   0 sbc   :   1 sbci  :   2 sbi   :   9 sbic  :   0 
sbis  :   0 sbiw  :  18 sbr   :   0 sbrc  :   2 sbrs  :  10 sec   :   0 
seh   :   0 sei   :   0 sen   :   0 ser   :   0 ses   :   0 set   :   0 
sev   :   0 sez   :   0 sleep :   0 spm   :   0 st    :  46 std   :  21 
sts   :   2 sub   :   1 subi  :  16 swap  :   1 tst   :   4 wdr   :   1 

Instructions used: 51 out of 114 (44.7%)

ATmega8535 memory use summary [bytes]:
Segment   Begin    End      Code   Data   Used    Size   Use%
---------------------------------------------------------------
[.cseg] 0x000000 0x000736   1790     56   1846    8192  22.5%
[.dseg] 0x000060 0x0000f4      0     20     20     512   3.9%
[.eseg] 0x000000 0x000000      0      0      0     512   0.0%

Assembly complete, 0 errors, 5 warnings
