RAM Allocation [bytes]
Variable                                                                          Address   Size
------------------------------------------------------------------------------------------------
Voltase1                                                                          0x0140       4
Voltase2                                                                          0x0144       4
kata1                                                                             0x0148      12
kata2                                                                             0x0154      12
_base_y                                                                           0x0160       4
_seed                                                                             0x0164       4

EEPROM Allocation [bytes]
Variable                                                                          Address   Size
------------------------------------------------------------------------------------------------

Register Allocation
Variable                                                                          Register  Size
------------------------------------------------------------------------------------------------
data1                                                                             R4,R5        2
data2                                                                             R6,R7        2
_lcd_x                                                                            R9           1
_lcd_y                                                                            R8           1
_lcd_maxx                                                                         R11          1

FLASH Allocation [words]
Function                                                                          Address   Size
------------------------------------------------------------------------------------------------
read_adc                                                                          0x00058     13
main                                                                              0x00065    119
put_buff_G100                                                                     0x000DC     45
_ftoe_G100                                                                        0x00109    145
_print_G100                                                                       0x0019A    462
sprintf                                                                           0x00368     42
_lcd_write_nibble_G101                                                            0x00392     14
_lcd_write_data                                                                   0x003A0     12
lcd_gotoxy                                                                        0x003AC     13
lcd_clear                                                                         0x003B9     14
lcd_putchar                                                                       0x003C7     20
lcd_puts                                                                          0x003DB     16
lcd_init                                                                          0x003EB     40
strcpyf                                                                           0x00413     12
strlen                                                                            0x0041F     11
strlenf                                                                           0x0042A     12
ftrunc                                                                            0x00436     48
floor                                                                             0x00466     16
ftoa                                                                              0x00476    136
