RAM Allocation [bytes]
Variable                                                                          Address   Size
------------------------------------------------------------------------------------------------
_base_y                                                                           0x00E0       4

EEPROM Allocation [bytes]
Variable                                                                          Address   Size
------------------------------------------------------------------------------------------------

Register Allocation
Variable                                                                          Register  Size
------------------------------------------------------------------------------------------------
_lcd_x                                                                            R5           1
_lcd_y                                                                            R4           1
_lcd_maxx                                                                         R7           1

FLASH Allocation [words]
Function                                                                          Address   Size
------------------------------------------------------------------------------------------------
main                                                                              0x00056     49
_lcd_write_nibble_G100                                                            0x00087     14
_lcd_write_data                                                                   0x00095     12
lcd_gotoxy                                                                        0x000A1     13
lcd_clear                                                                         0x000AE     10
lcd_putchar                                                                       0x000B8     21
lcd_putsf                                                                         0x000CD     19
lcd_init                                                                          0x000E0     41
